Archive member included because of file (symbol)

c:/program files (x86)/atmel/avr tools/avr toolchain/bin/../lib/gcc/avr/4.5.1/avr51\libgcc.a(_mulsi3.o)
                              TempDataLogger.o (__mulsi3)
c:/program files (x86)/atmel/avr tools/avr toolchain/bin/../lib/gcc/avr/4.5.1/avr51\libgcc.a(_udivmodqi4.o)
                              Lib/RTC.o (__udivmodqi4)
c:/program files (x86)/atmel/avr tools/avr toolchain/bin/../lib/gcc/avr/4.5.1/avr51\libgcc.a(_udivmodsi4.o)
                              TempDataLogger.o (__udivmodsi4)
c:/program files (x86)/atmel/avr tools/avr toolchain/bin/../lib/gcc/avr/4.5.1/avr51\libgcc.a(_divmodsi4.o)
                              TempDataLogger.o (__divmodsi4)
c:/program files (x86)/atmel/avr tools/avr toolchain/bin/../lib/gcc/avr/4.5.1/avr51\libgcc.a(_exit.o)
                              c:/program files (x86)/atmel/avr tools/avr toolchain/bin/../lib/gcc/avr/4.5.1/../../../../avr/lib/avr51/crtusb1286.o (exit)
c:/program files (x86)/atmel/avr tools/avr toolchain/bin/../lib/gcc/avr/4.5.1/avr51\libgcc.a(_copy_data.o)
                              TempDataLogger.o (__do_copy_data)
c:/program files (x86)/atmel/avr tools/avr toolchain/bin/../lib/gcc/avr/4.5.1/avr51\libgcc.a(_clear_bss.o)
                              TempDataLogger.o (__do_clear_bss)
c:/program files (x86)/atmel/avr tools/avr toolchain/bin/../lib/gcc/avr/4.5.1/../../../../avr/lib/avr51\libc.a(malloc.o)
                              Lib/ili9341.o (malloc)
c:/program files (x86)/atmel/avr tools/avr toolchain/bin/../lib/gcc/avr/4.5.1/../../../../avr/lib/avr51\libc.a(atoi.o)
                              TempDataLogger.o (atoi)
c:/program files (x86)/atmel/avr tools/avr toolchain/bin/../lib/gcc/avr/4.5.1/../../../../avr/lib/avr51\libc.a(memcpy_P.o)
                              ../../LUFA/Drivers/USB/Class/Device/RNDISClassDevice.o (memcpy_P)
c:/program files (x86)/atmel/avr tools/avr toolchain/bin/../lib/gcc/avr/4.5.1/../../../../avr/lib/avr51\libc.a(memcmp.o)
                              ../../LUFA/Drivers/USB/Class/Device/HIDClassDevice.o (memcmp)
c:/program files (x86)/atmel/avr tools/avr toolchain/bin/../lib/gcc/avr/4.5.1/../../../../avr/lib/avr51\libc.a(memcpy.o)
                              ../../LUFA/Drivers/USB/Class/Device/HIDClassDevice.o (memcpy)
c:/program files (x86)/atmel/avr tools/avr toolchain/bin/../lib/gcc/avr/4.5.1/../../../../avr/lib/avr51\libc.a(memset.o)
                              ../../LUFA/Drivers/USB/Class/Device/HIDClassDevice.o (memset)
c:/program files (x86)/atmel/avr tools/avr toolchain/bin/../lib/gcc/avr/4.5.1/../../../../avr/lib/avr51\libc.a(strcat.o)
                              TempDataLogger.o (strcat)
c:/program files (x86)/atmel/avr tools/avr toolchain/bin/../lib/gcc/avr/4.5.1/../../../../avr/lib/avr51\libc.a(strcpy.o)
                              TempDataLogger.o (strcpy)
c:/program files (x86)/atmel/avr tools/avr toolchain/bin/../lib/gcc/avr/4.5.1/../../../../avr/lib/avr51\libc.a(mul10.o)
                              c:/program files (x86)/atmel/avr tools/avr toolchain/bin/../lib/gcc/avr/4.5.1/../../../../avr/lib/avr51\libc.a(atoi.o) (__mulhi_const_10)
c:/program files (x86)/atmel/avr tools/avr toolchain/bin/../lib/gcc/avr/4.5.1/../../../../avr/lib/avr51\libc.a(iob.o)
                              ../../LUFA/Drivers/Peripheral/AVR8/Serial_AVR8.o (__iob)
c:/program files (x86)/atmel/avr tools/avr toolchain/bin/../lib/gcc/avr/4.5.1/../../../../avr/lib/avr51\libc.a(puts.o)
                              Lib/W5500.o (puts)
c:/program files (x86)/atmel/avr tools/avr toolchain/bin/../lib/gcc/avr/4.5.1/../../../../avr/lib/avr51\libc.a(sprintf.o)
                              TempDataLogger.o (sprintf)
c:/program files (x86)/atmel/avr tools/avr toolchain/bin/../lib/gcc/avr/4.5.1/../../../../avr/lib/avr51\libc.a(vfprintf_std.o)
                              c:/program files (x86)/atmel/avr tools/avr toolchain/bin/../lib/gcc/avr/4.5.1/../../../../avr/lib/avr51\libc.a(sprintf.o) (vfprintf)
c:/program files (x86)/atmel/avr tools/avr toolchain/bin/../lib/gcc/avr/4.5.1/../../../../avr/lib/avr51\libc.a(eerd_byte_at90usb1287.o)
                              TempDataLogger.o (__eerd_byte_usb1287)
c:/program files (x86)/atmel/avr tools/avr toolchain/bin/../lib/gcc/avr/4.5.1/../../../../avr/lib/avr51\libc.a(eerd_word_at90usb1287.o)
                              TempDataLogger.o (__eerd_word_usb1287)
c:/program files (x86)/atmel/avr tools/avr toolchain/bin/../lib/gcc/avr/4.5.1/../../../../avr/lib/avr51\libc.a(eeupd_byte_at90usb1287.o)
                              TempDataLogger.o (__eeupd_byte_usb1287)
c:/program files (x86)/atmel/avr tools/avr toolchain/bin/../lib/gcc/avr/4.5.1/../../../../avr/lib/avr51\libc.a(eeupd_word_at90usb1287.o)
                              TempDataLogger.o (__eeupd_word_usb1287)
c:/program files (x86)/atmel/avr tools/avr toolchain/bin/../lib/gcc/avr/4.5.1/../../../../avr/lib/avr51\libc.a(strnlen_P.o)
[...]
Memory Configuration

Name             Origin             Length             Attributes
text             0x00000000         0x00020000         xr
data             0x00800100         0x0000ff00         rw !x
eeprom           0x00810000         0x00010000         rw !x
fuse             0x00820000         0x00000400         rw !x
lock             0x00830000         0x00000400         rw !x
signature        0x00840000         0x00000400         rw !x
*default*        0x00000000         0xffffffff

Linker script and memory map

Address of section .data set to 0x800100
LOAD c:/program files (x86)/atmel/avr tools/avr toolchain/bin/../lib/gcc/avr/4.5.1/../../../../avr/lib/avr51/crtusb1286.o
LOAD TempDataLogger.o
LOAD Descriptors.o
LOAD Lib/DataflashManager.o
LOAD Lib/RTC.o
LOAD Lib/SCSI.o
LOAD Lib/FATFs/diskio.o
LOAD Lib/FATFs/ff.o
LOAD Lib/lcd.o
LOAD Lib/Funkmodul.o
LOAD Lib/HYT321.o
LOAD Lib/ili9341.o
LOAD Lib/W5500.o
LOAD ../../LUFA/Drivers/USB/Class/Common/HIDParser.o
LOAD ../../LUFA/Drivers/USB/Core/AVR8/Device_AVR8.o
LOAD ../../LUFA/Drivers/USB/Core/AVR8/EndpointStream_AVR8.o
LOAD ../../LUFA/Drivers/USB/Core/AVR8/Endpoint_AVR8.o
LOAD ../../LUFA/Drivers/USB/Core/AVR8/Host_AVR8.o
LOAD ../../LUFA/Drivers/USB/Core/AVR8/PipeStream_AVR8.o
LOAD ../../LUFA/Drivers/USB/Core/AVR8/Pipe_AVR8.o
LOAD ../../LUFA/Drivers/USB/Core/AVR8/USBController_AVR8.o
LOAD ../../LUFA/Drivers/USB/Core/AVR8/USBInterrupt_AVR8.o
LOAD ../../LUFA/Drivers/USB/Core/ConfigDescriptors.o
LOAD ../../LUFA/Drivers/USB/Core/DeviceStandardReq.o
LOAD ../../LUFA/Drivers/USB/Core/Events.o
LOAD ../../LUFA/Drivers/USB/Core/HostStandardReq.o
LOAD ../../LUFA/Drivers/USB/Core/USBTask.o
LOAD ../../LUFA/Drivers/USB/Class/Device/AudioClassDevice.o
LOAD ../../LUFA/Drivers/USB/Class/Device/CDCClassDevice.o
LOAD ../../LUFA/Drivers/USB/Class/Device/HIDClassDevice.o
LOAD ../../LUFA/Drivers/USB/Class/Device/MassStorageClassDevice.o
LOAD ../../LUFA/Drivers/USB/Class/Device/MIDIClassDevice.o
LOAD ../../LUFA/Drivers/USB/Class/Device/PrinterClassDevice.o
LOAD ../../LUFA/Drivers/USB/Class/Device/RNDISClassDevice.o
LOAD ../../LUFA/Drivers/USB/Class/Host/AndroidAccessoryClassHost.o
LOAD ../../LUFA/Drivers/USB/Class/Host/AudioClassHost.o
LOAD ../../LUFA/Drivers/USB/Class/Host/CDCClassHost.o
LOAD ../../LUFA/Drivers/USB/Class/Host/HIDClassHost.o
LOAD ../../LUFA/Drivers/USB/Class/Host/MassStorageClassHost.o
LOAD ../../LUFA/Drivers/USB/Class/Host/MIDIClassHost.o
LOAD ../../LUFA/Drivers/USB/Class/Host/PrinterClassHost.o
LOAD ../../LUFA/Drivers/USB/Class/Host/RNDISClassHost.o
LOAD ../../LUFA/Drivers/USB/Class/Host/StillImageClassHost.o
LOAD ../../LUFA/Drivers/Peripheral/AVR8/Serial_AVR8.o
LOAD ../../LUFA/Drivers/Peripheral/AVR8/TWI_AVR8.o
LOAD ../../LUFA/Drivers/Board/Temperature.o
LOAD c:/program files (x86)/atmel/avr tools/avr toolchain/bin/../lib/gcc/avr/4.5.1/../../../../avr/lib/avr51\libm.a
LOAD c:/program files (x86)/atmel/avr tools/avr toolchain/bin/../lib/gcc/avr/4.5.1/avr51\libgcc.a
LOAD c:/program files (x86)/atmel/avr tools/avr toolchain/bin/../lib/gcc/avr/4.5.1/../../../../avr/lib/avr51\libc.a
LOAD c:/program files (x86)/atmel/avr tools/avr toolchain/bin/../lib/gcc/avr/4.5.1/avr51\libgcc.a

.hash
 *(.hash)

.dynsym
 *(.dynsym)

.dynstr
 *(.dynstr)

.gnu.version
 *(.gnu.version)

.gnu.version_d
 *(.gnu.version_d)

.gnu.version_r
 *(.gnu.version_r)

.rel.init
 *(.rel.init)

.rela.init
 *(.rela.init)

.rel.text
 *(.rel.text)
 *(.rel.text.*)
 *(.rel.gnu.linkonce.t*)

.rela.text
 *(.rela.text)
 *(.rela.text.*)
 *(.rela.gnu.linkonce.t*)

.rel.fini
 *(.rel.fini)

.rela.fini
 *(.rela.fini)

.rel.rodata
 *(.rel.rodata)
 *(.rel.rodata.*)
 *(.rel.gnu.linkonce.r*)

.rela.rodata
 *(.rela.rodata)
 *(.rela.rodata.*)
 *(.rela.gnu.linkonce.r*)

.rel.data
 *(.rel.data)
 *(.rel.data.*)
 *(.rel.gnu.linkonce.d*)

.rela.data
 *(.rela.data)
 *(.rela.data.*)
 *(.rela.gnu.linkonce.d*)

.rel.ctors
 *(.rel.ctors)

.rela.ctors
 *(.rela.ctors)

.rel.dtors
 *(.rel.dtors)

.rela.dtors
 *(.rela.dtors)

.rel.got
 *(.rel.got)

.rela.got
 *(.rela.got)

.rel.bss
 *(.rel.bss)

.rela.bss
 *(.rela.bss)

.rel.plt
 *(.rel.plt)

.rela.plt
 *(.rela.plt)

.text           0x00000000    0x1612e
 *(.vectors)
 .vectors       0x00000000       0x98 c:/program files (x86)/atmel/avr tools/avr toolchain/bin/../lib/gcc/avr/4.5.1/../../../../avr/lib/avr51/crtusb1286.o
                0x00000000                __vector_default
                0x00000000                __vectors
 *(.vectors)
 *(.progmem.gcc*)
 *(.progmem*)
 .progmem.data  0x00000098     0xd7c8 TempDataLogger.o
                0x00000098                Arial12x12
                0x000009fc                Arial24x23
                0x00002560                Arial28x28
                0x00004cc4                Neu42x35
                0x00009dc8                logo
 .progmem.data  0x0000d860       0xb9 Descriptors.o
                0x0000d860                GenericReport
                0x0000d880                DeviceDescriptor
                0x0000d892                ConfigurationDescriptor
                0x0000d8cb                LanguageString
                0x0000d8cf                ManufacturerString
                0x0000d8e9                ProductString
                0x0000d91a                . = ALIGN (0x2)
 *fill*         0x0000d919        0x1 00
                0x0000d91a                __trampolines_start = .
 *(.trampolines)
 .trampolines   0x0000d91a        0x0 linker stubs
 *(.trampolines*)
                0x0000d91a                __trampolines_end = .
 *(.jumptables)
 *(.jumptables*)
 *(.lowtext)
 *(.lowtext*)
                0x0000d91a                __ctors_start = .
 *(.ctors)
                0x0000d91a                __ctors_end = .
                0x0000d91a                __dtors_start = .
 *(.dtors)
                0x0000d91a                __dtors_end = .
 SORT(*)(.ctors)
 SORT(*)(.dtors)
 *(.init0)
 .init0         0x0000d91a        0x0 c:/program files (x86)/atmel/avr tools/avr toolchain/bin/../lib/gcc/avr/4.5.1/../../../../avr/lib/avr51/crtusb1286.o
                0x0000d91a                __init
 *(.init0)
 *(.init1)
 *(.init1)
 *(.init2)
 .init2         0x0000d91a        0xc c:/program files (x86)/atmel/avr tools/avr toolchain/bin/../lib/gcc/avr/4.5.1/../../../../avr/lib/avr51/crtusb1286.o
 *(.init2)
 *(.init3)
 *(.init3)
 *(.init4)
 .init4         0x0000d926       0x1a c:/program files (x86)/atmel/avr tools/avr toolchain/bin/../lib/gcc/avr/4.5.1/avr51\libgcc.a(_copy_data.o)
                0x0000d926                __do_copy_data
 .init4         0x0000d940       0x10 c:/program files (x86)/atmel/avr tools/avr toolchain/bin/../lib/gcc/avr/4.5.1/avr51\libgcc.a(_clear_bss.o)
                0x0000d940                __do_clear_bss
 *(.init4)
 *(.init5)
 *(.init5)
 *(.init6)
 *(.init6)
 *(.init7)
 *(.init7)
 *(.init8)
 *(.init8)
 *(.init9)
 .init9         0x0000d950        0x8 c:/program files (x86)/atmel/avr tools/avr toolchain/bin/../lib/gcc/avr/4.5.1/../../../../avr/lib/avr51/crtusb1286.o
 *(.init9)
 *(.text)
 .text          0x0000d958        0x4 c:/program files (x86)/atmel/avr tools/avr toolchain/bin/../lib/gcc/avr/4.5.1/../../../../avr/lib/avr51/crtusb1286.o
                0x0000d958                __vector_22
                0x0000d958                __vector_28
                0x0000d958                __vector_1
                0x0000d958                __vector_32
                0x0000d958                __vector_34
                0x0000d958                __vector_24
                0x0000d958                __vector_12
                0x0000d958                __bad_interrupt
                0x0000d958                __vector_6
                0x0000d958                __vector_31
                0x0000d958                __vector_35
                0x0000d958                __vector_3
                0x0000d958                __vector_23
                0x0000d958                __vector_30
                0x0000d958                __vector_25
                0x0000d958                __vector_13
                0x0000d958                __vector_19
                0x0000d958                __vector_7
                0x0000d958                __vector_27
                0x0000d958                __vector_5
                0x0000d958                __vector_33
                0x0000d958                __vector_37
                0x0000d958                __vector_4
                0x0000d958                __vector_9
                0x0000d958                __vector_2
                0x0000d958                __vector_21
                0x0000d958                __vector_15
                0x0000d958                __vector_36
                0x0000d958                __vector_29
                0x0000d958                __vector_8
                0x0000d958                __vector_26
                0x0000d958                __vector_14
                0x0000d958                __vector_16
                0x0000d958                __vector_18
                0x0000d958                __vector_20
                0x0000d95c                . = ALIGN (0x2)
 *(.text.*)
 .text.LEDs_SetAllLEDs
                0x0000d95c        0xa TempDataLogger.o
 .text.Webserver
                0x0000d966      0x572 TempDataLogger.o
                0x0000d966                Webserver
 .text.Webcontrol
                0x0000ded8      0x22e TempDataLogger.o
                0x0000ded8                Webcontrol
 .text.crc16_update
                0x0000e106       0x28 TempDataLogger.o
                0x0000e106                crc16_update
 .text.RadioReceive
                0x0000e12e      0x3ba TempDataLogger.o
                0x0000e12e                RadioReceive
 .text.CloseLogFile
                0x0000e4e8       0x1a TempDataLogger.o
                0x0000e4e8                CloseLogFile
 .text.OpenLogFile
                0x0000e502      0x10e TempDataLogger.o
                0x0000e502                OpenLogFile
 .text.DrawFrame1
                0x0000e610      0x100 TempDataLogger.o
                0x0000e610                DrawFrame1
 .text.DrawFrame2
                0x0000e710      0x1e2 TempDataLogger.o
                0x0000e710                DrawFrame2
 .text.DrawFrame3
                0x0000e8f2      0x1e2 TempDataLogger.o
                0x0000e8f2                DrawFrame3
 .text.DrawFrame4
                0x0000ead4      0x1e2 TempDataLogger.o
                0x0000ead4                DrawFrame4
 .text.SendToWeb
                0x0000ecb6      0x260 TempDataLogger.o
                0x0000ecb6                SendToWeb
 .text.__vector_17
                0x0000ef16      0xbec TempDataLogger.o
                0x0000ef16                __vector_17
 .text.GetCorrectionValues
                0x0000fb02       0xca TempDataLogger.o
                0x0000fb02                GetCorrectionValues
 .text.SetupHardware
                0x0000fbcc      0x3aa TempDataLogger.o
                0x0000fbcc                SetupHardware
 .text.main     0x0000ff76       0x48 TempDataLogger.o
                0x0000ff76                main
 .text.EVENT_USB_Device_Connect
                0x0000ffbe       0x46 TempDataLogger.o
                0x0000ffbe                EVENT_USB_Device_Connect
 .text.EVENT_USB_Device_Disconnect
                0x00010004        0xa TempDataLogger.o
                0x00010004                EVENT_USB_Device_Disconnect
 .text.EVENT_USB_Device_ConfigurationChanged
                0x0001000e       0x30 TempDataLogger.o
                0x0001000e                EVENT_USB_Device_ConfigurationChanged
 .text.EVENT_USB_Device_ControlRequest
                0x0001003e       0x10 TempDataLogger.o
                0x0001003e                EVENT_USB_Device_ControlRequest
 .text.CALLBACK_MS_Device_SCSICommandReceived
                0x0001004e       0x24 TempDataLogger.o
                0x0001004e                CALLBACK_MS_Device_SCSICommandReceived
 .text.CALLBACK_HID_Device_CreateHIDReport
                0x00010072       0x7c TempDataLogger.o
                0x00010072                CALLBACK_HID_Device_CreateHIDReport
 .text.CALLBACK_HID_Device_ProcessHIDReport
                0x000100ee      0x10e TempDataLogger.o
                0x000100ee                CALLBACK_HID_Device_ProcessHIDReport
 .text.CALLBACK_USB_GetDescriptor
                0x000101fc       0x80 Descriptors.o
                0x000101fc                CALLBACK_USB_GetDescriptor
 .text.Dataflash_SelectChipFromPage
                0x0001027c       0x26 Lib/DataflashManager.o
 .text.Dataflash_ToggleSelectedChipCS
                0x000102a2       0x14 Lib/DataflashManager.o
 .text.Dataflash_WaitWhileBusy
                0x000102b6       0x1c Lib/DataflashManager.o
 .text.Dataflash_SendAddressBytes
                0x000102d2       0x32 Lib/DataflashManager.o
 .text.DataflashManager_WriteBlocks
                0x00010304      0x276 Lib/DataflashManager.o
                0x00010304                DataflashManager_WriteBlocks
 .text.DataflashManager_ReadBlocks
                0x0001057a      0x212 Lib/DataflashManager.o
                0x0001057a                DataflashManager_ReadBlocks
 .text.DataflashManager_WriteBlocks_RAM
                0x0001078c      0x198 Lib/DataflashManager.o
                0x0001078c                DataflashManager_WriteBlocks_RAM
 .text.DataflashManager_ReadBlocks_RAM
                0x00010924      0x126 Lib/DataflashManager.o
                0x00010924                DataflashManager_ReadBlocks_RAM
 .text.DataflashManager_ResetDataflashProtections
                0x00010a4a       0x9c Lib/DataflashManager.o
                0x00010a4a                DataflashManager_ResetDataflashProtections
 .text.DataflashManager_CheckDataflashOperation
                0x00010ae6       0x56 Lib/DataflashManager.o
                0x00010ae6                DataflashManager_CheckDataflashOperation
 .text.RTC_Init
                0x00010b3c        0x2 Lib/RTC.o
                0x00010b3c                RTC_Init
 .text.RTC_Tick500ms
                0x00010b3e        0x2 Lib/RTC.o
                0x00010b3e                RTC_Tick500ms
 .text.RTC_GetTimeDate
                0x00010b40      0x150 Lib/RTC.o
                0x00010b40                RTC_GetTimeDate
 .text.RTC_SetTimeDate
                0x00010c90      0x120 Lib/RTC.o
                0x00010c90                RTC_SetTimeDate
 .text.SwapEndian_16
                0x00010db0        0x8 Lib/SCSI.o
 .text.SCSI_Command_ReadWrite_10
                0x00010db8       0xc0 Lib/SCSI.o
 .text.SCSI_DecodeSCSICommand
                0x00010e78      0x266 Lib/SCSI.o
                0x00010e78                SCSI_DecodeSCSICommand
 .text.disk_initialize
                0x000110de        0x4 Lib/FATFs/diskio.o
                0x000110de                disk_initialize
 .text.disk_status
                0x000110e2        0x4 Lib/FATFs/diskio.o
                0x000110e2                disk_status
 .text.disk_read
                0x000110e6       0x16 Lib/FATFs/diskio.o
                0x000110e6                disk_read
 .text.disk_write
                0x000110fc       0x16 Lib/FATFs/diskio.o
                0x000110fc                disk_write
 .text.disk_ioctl
                0x00011112        0xc Lib/FATFs/diskio.o
                0x00011112                disk_ioctl
 .text.get_fattime
                0x0001111e       0xc8 Lib/FATFs/diskio.o
                0x0001111e                get_fattime
 .text.mem_cpy  0x000111e6       0x40 Lib/FATFs/ff.o
 .text.mem_set  0x00011226       0x16 Lib/FATFs/ff.o
 .text.st_clust
                0x0001123c        0xc Lib/FATFs/ff.o
 .text.validate
                0x00011248       0x38 Lib/FATFs/ff.o
 .text.check_fs
                0x00011280       0x8c Lib/FATFs/ff.o
 .text.chk_mounted
                0x0001130c      0x4f6 Lib/FATFs/ff.o
 .text.move_window
                0x00011802       0xec Lib/FATFs/ff.o
 .text.sync     0x000118ee       0xd4 Lib/FATFs/ff.o
 .text.ld_clust.clone.0
                0x000119c2       0x2a Lib/FATFs/ff.o
 .text.clust2sect
                0x000119ec       0x5e Lib/FATFs/ff.o
                0x000119ec                clust2sect
 .text.get_fat  0x00011a4a      0x188 Lib/FATFs/ff.o
                0x00011a4a                get_fat
 .text.dir_sdi  0x00011bd2      0x148 Lib/FATFs/ff.o
 .text.put_fat  0x00011d1a      0x1c8 Lib/FATFs/ff.o
                0x00011d1a                put_fat
 .text.create_chain
                0x00011ee2      0x1b6 Lib/FATFs/ff.o
 .text.dir_next
                0x00012098      0x21e Lib/FATFs/ff.o
 .text.follow_path
                0x000122b6      0x236 Lib/FATFs/ff.o
 .text.dir_register
                0x000124ec       0x90 Lib/FATFs/ff.o
 .text.remove_chain
                0x0001257c       0xea Lib/FATFs/ff.o
 .text.f_mount  0x00012666       0x2c Lib/FATFs/ff.o
                0x00012666                f_mount
 .text.f_open   0x00012692      0x212 Lib/FATFs/ff.o
                0x00012692                f_open
 .text.f_write  0x000128a4      0x402 Lib/FATFs/ff.o
                0x000128a4                f_write
 .text.f_sync   0x00012ca6       0xb6 Lib/FATFs/ff.o
                0x00012ca6                f_sync
 .text.f_close  0x00012d5c       0x16 Lib/FATFs/ff.o
                0x00012d5c                f_close
 .text.f_lseek  0x00012d72      0x3f4 Lib/FATFs/ff.o
                0x00012d72                f_lseek
 .text.f_getfree
                0x00013166      0x200 Lib/FATFs/ff.o
                0x00013166                f_getfree
 .text.Spi16    0x00013366       0x4a Lib/Funkmodul.o
                0x00013366                Spi16
 .text.RFM12_Init
                0x000133b0       0x6c Lib/Funkmodul.o
                0x000133b0                RFM12_Init
 .text.Enable_receiver
                0x0001341c        0xe Lib/Funkmodul.o
                0x0001341c                Enable_receiver
 .text.RestartFifoFill_receiver
                0x0001342a       0x14 Lib/Funkmodul.o
                0x0001342a                RestartFifoFill_receiver
 .text.HYT321_GetData
                0x0001343e      0x15c Lib/HYT321.o
                0x0001343e                HYT321_GetData
 .text.ili9341_select_chip
                0x0001359a        0x4 Lib/ili9341.o
                0x0001359a                ili9341_select_chip
 .text.ili9341_deselect_chip
                0x0001359e        0x4 Lib/ili9341.o
                0x0001359e                ili9341_deselect_chip
 .text.ili9341_select_command_mode
                0x000135a2        0x4 Lib/ili9341.o
                0x000135a2                ili9341_select_command_mode
 .text.ili9341_select_data_mode
                0x000135a6        0x4 Lib/ili9341.o
                0x000135a6                ili9341_select_data_mode
 .text.ili9341_send_byte
                0x000135aa        0xc Lib/ili9341.o
                0x000135aa                ili9341_send_byte
 .text.ili9341_send_word
                0x000135b6       0x16 Lib/ili9341.o
                0x000135b6                ili9341_send_word
 .text.ili9341_read_byte
                0x000135cc        0xe Lib/ili9341.o
                0x000135cc                ili9341_read_byte
 .text.ili9341_send_command
                0x000135da       0x1e Lib/ili9341.o
                0x000135da                ili9341_send_command
 .text.ili9341_interface_init
                0x000135f8       0x14 Lib/ili9341.o
                0x000135f8                ili9341_interface_init
 .text.ili9341_read_register
                0x0001360c       0x38 Lib/ili9341.o
                0x0001360c                ili9341_read_register
 .text.ili9341_read_ID
                0x00013644       0x68 Lib/ili9341.o
                0x00013644                ili9341_read_ID
 .text.ili9341_reset_display
                0x000136ac       0x2c Lib/ili9341.o
                0x000136ac                ili9341_reset_display
 .text.ili9341_exit_standby
                0x000136d8       0x2e Lib/ili9341.o
                0x000136d8                ili9341_exit_standby
 .text.ili9341_setCol
                0x00013706       0x22 Lib/ili9341.o
                0x00013706                ili9341_setCol
 .text.ili9341_setPage
                0x00013728       0x22 Lib/ili9341.o
                0x00013728                ili9341_setPage
 .text.ili9341_controller_init_registers
                0x0001374a      0x1a4 Lib/ili9341.o
                0x0001374a                ili9341_controller_init_registers
 .text.ili9341_init
                0x000138ee        0xa Lib/ili9341.o
                0x000138ee                ili9341_init
 .text.ili9341_setXY
                0x000138f8       0x18 Lib/ili9341.o
                0x000138f8                ili9341_setXY
 .text.lcdSetFont
                0x00013910        0xa Lib/ili9341.o
                0x00013910                lcdSetFont
 .text.lcdDrawPixel
                0x0001391a       0x18 Lib/ili9341.o
                0x0001391a                lcdDrawPixel
 .text.lcdFilledRec
                0x00013932       0xa2 Lib/ili9341.o
                0x00013932                lcdFilledRec
 .text.lcdFillRGB
                0x000139d4       0x1e Lib/ili9341.o
                0x000139d4                lcdFillRGB
 .text.lcdDrawHLine
                0x000139f2       0x8e Lib/ili9341.o
                0x000139f2                lcdDrawHLine
 .text.lcdDrawVLine
                0x00013a80       0x82 Lib/ili9341.o
                0x00013a80                lcdDrawVLine
 .text.lcdDrawLine
                0x00013b02      0x188 Lib/ili9341.o
                0x00013b02                lcdDrawLine
 .text.lcdDrawRectangle
                0x00013c8a       0x7c Lib/ili9341.o
                0x00013c8a                lcdDrawRectangle
 .text.lcdDrawChar
                0x00013d06      0x1e0 Lib/ili9341.o
                0x00013d06                lcdDrawChar
 .text.lcdDrawString
                0x00013ee6       0x64 Lib/ili9341.o
                0x00013ee6                lcdDrawString
 .text.writeAddress
                0x00013f4a       0x4e Lib/W5500.o
                0x00013f4a                writeAddress
 .text.readAddress
                0x00013f98       0x36 Lib/W5500.o
                0x00013f98                readAddress
 .text.sendData
                0x00013fce       0xb8 Lib/W5500.o
                0x00013fce                sendData
 .text.getData  0x00014086      0x19e Lib/W5500.o
                0x00014086                getData
 .text.Init_W5500
                0x00014224      0x17c Lib/W5500.o
                0x00014224                Init_W5500
 .text.Endpoint_Null_Stream
                0x000143a0       0x8a ../../LUFA/Drivers/USB/Core/AVR8/EndpointStream_AVR8.o
                0x000143a0                Endpoint_Null_Stream
 .text.Endpoint_Write_Stream_LE
                0x0001442a       0xba ../../LUFA/Drivers/USB/Core/AVR8/EndpointStream_AVR8.o
                0x0001442a                Endpoint_Write_Stream_LE
 .text.Endpoint_Write_Stream_BE
                0x000144e4       0xaa ../../LUFA/Drivers/USB/Core/AVR8/EndpointStream_AVR8.o
                0x000144e4                Endpoint_Write_Stream_BE
 .text.Endpoint_Read_Stream_LE
                0x0001458e       0xba ../../LUFA/Drivers/USB/Core/AVR8/EndpointStream_AVR8.o
                0x0001458e                Endpoint_Read_Stream_LE
 .text.Endpoint_Write_Control_Stream_LE
                0x00014648       0xb6 ../../LUFA/Drivers/USB/Core/AVR8/EndpointStream_AVR8.o
                0x00014648                Endpoint_Write_Control_Stream_LE
 .text.Endpoint_Read_Control_Stream_LE
                0x000146fe       0x7e ../../LUFA/Drivers/USB/Core/AVR8/EndpointStream_AVR8.o
                0x000146fe                Endpoint_Read_Control_Stream_LE
 .text.Endpoint_Write_Control_PStream_LE
                0x0001477c       0xb8 ../../LUFA/Drivers/USB/Core/AVR8/EndpointStream_AVR8.o
                0x0001477c                Endpoint_Write_Control_PStream_LE
 .text.Endpoint_ConfigureEndpoint_Prv
                0x00014834       0x6e ../../LUFA/Drivers/USB/Core/AVR8/Endpoint_AVR8.o
                0x00014834                Endpoint_ConfigureEndpoint_Prv
 .text.Endpoint_ConfigureEndpointTable
                0x000148a2       0x88 ../../LUFA/Drivers/USB/Core/AVR8/Endpoint_AVR8.o
                0x000148a2                Endpoint_ConfigureEndpointTable
 .text.Endpoint_ClearStatusStage
                0x0001492a       0x3e ../../LUFA/Drivers/USB/Core/AVR8/Endpoint_AVR8.o
                0x0001492a                Endpoint_ClearStatusStage
 .text.Endpoint_WaitUntilReady
                0x00014968       0x66 ../../LUFA/Drivers/USB/Core/AVR8/Endpoint_AVR8.o
                0x00014968                Endpoint_WaitUntilReady
 .text.USB_ResetInterface
                0x000149ce       0x88 ../../LUFA/Drivers/USB/Core/AVR8/USBController_AVR8.o
                0x000149ce                USB_ResetInterface
 .text.USB_Init
                0x00014a56       0x1c ../../LUFA/Drivers/USB/Core/AVR8/USBController_AVR8.o
                0x00014a56                USB_Init
 .text.USB_INT_DisableAllInterrupts
                0x00014a72       0x10 ../../LUFA/Drivers/USB/Core/AVR8/USBInterrupt_AVR8.o
                0x00014a72                USB_INT_DisableAllInterrupts
 .text.USB_INT_ClearAllInterrupts
                0x00014a82        0xa ../../LUFA/Drivers/USB/Core/AVR8/USBInterrupt_AVR8.o
                0x00014a82                USB_INT_ClearAllInterrupts
 .text.__vector_10
                0x00014a8c      0x198 ../../LUFA/Drivers/USB/Core/AVR8/USBInterrupt_AVR8.o
                0x00014a8c                __vector_10
 .text.__vector_11
                0x00014c24       0x7e ../../LUFA/Drivers/USB/Core/AVR8/USBInterrupt_AVR8.o
                0x00014c24                __vector_11
 .text.USB_Device_ProcessControlRequest
                0x00014ca2      0x2c8 ../../LUFA/Drivers/USB/Core/DeviceStandardReq.o
                0x00014ca2                USB_Device_ProcessControlRequest
 .text.USB_Event_Stub
                0x00014f6a        0x2 ../../LUFA/Drivers/USB/Core/Events.o
                0x00014f6a                USB_Event_Stub
                0x00014f6a                EVENT_USB_Device_Suspend
                0x00014f6a                EVENT_USB_Device_StartOfFrame
                0x00014f6a                EVENT_USB_Device_Reset
                0x00014f6a                EVENT_USB_Device_WakeUp
 .text.USB_USBTask
                0x00014f6c       0x36 ../../LUFA/Drivers/USB/Core/USBTask.o
                0x00014f6c                USB_USBTask
 .text.HID_Device_ProcessControlRequest
                0x00014fa2      0x27e ../../LUFA/Drivers/USB/Class/Device/HIDClassDevice.o
                0x00014fa2                HID_Device_ProcessControlRequest
 .text.HID_Device_ConfigureEndpoints
                0x00015220       0x32 ../../LUFA/Drivers/USB/Class/Device/HIDClassDevice.o
                0x00015220                HID_Device_ConfigureEndpoints
 .text.HID_Device_USBTask
                0x00015252      0x198 ../../LUFA/Drivers/USB/Class/Device/HIDClassDevice.o
                0x00015252                HID_Device_USBTask
 .text.MS_Device_ProcessControlRequest
                0x000153ea       0x7a ../../LUFA/Drivers/USB/Class/Device/MassStorageClassDevice.o
                0x000153ea                MS_Device_ProcessControlRequest
 .text.MS_Device_ConfigureEndpoints
                0x00015464       0x38 ../../LUFA/Drivers/USB/Class/Device/MassStorageClassDevice.o
                0x00015464                MS_Device_ConfigureEndpoints
 .text.MS_Device_USBTask
                0x0001549c      0x262 ../../LUFA/Drivers/USB/Class/Device/MassStorageClassDevice.o
                0x0001549c                MS_Device_USBTask
 .text.TWI_StartTransmission
                0x000156fe       0xbe ../../LUFA/Drivers/Peripheral/AVR8/TWI_AVR8.o
                0x000156fe                TWI_StartTransmission
 .text.TWI_SendByte
                0x000157bc       0x22 ../../LUFA/Drivers/Peripheral/AVR8/TWI_AVR8.o
                0x000157bc                TWI_SendByte
 .text.TWI_ReceiveByte
                0x000157de       0x3c ../../LUFA/Drivers/Peripheral/AVR8/TWI_AVR8.o
                0x000157de                TWI_ReceiveByte
 .text.TWI_ReadPacket
                0x0001581a       0x98 ../../LUFA/Drivers/Peripheral/AVR8/TWI_AVR8.o
                0x0001581a                TWI_ReadPacket
 .text.TWI_WritePacket
                0x000158b2       0x88 ../../LUFA/Drivers/Peripheral/AVR8/TWI_AVR8.o
                0x000158b2                TWI_WritePacket
 .text.libgcc   0x0001593a       0x3e c:/program files (x86)/atmel/avr tools/avr toolchain/bin/../lib/gcc/avr/4.5.1/avr51\libgcc.a(_mulsi3.o)
                0x0001593a                __mulsi3
 .text.libgcc   0x00015978       0x18 c:/program files (x86)/atmel/avr tools/avr toolchain/bin/../lib/gcc/avr/4.5.1/avr51\libgcc.a(_udivmodqi4.o)
                0x00015978                __udivmodqi4
 .text.libgcc   0x00015990       0x44 c:/program files (x86)/atmel/avr tools/avr toolchain/bin/../lib/gcc/avr/4.5.1/avr51\libgcc.a(_udivmodsi4.o)
                0x00015990                __udivmodsi4
 .text.libgcc   0x000159d4       0x36 c:/program files (x86)/atmel/avr tools/avr toolchain/bin/../lib/gcc/avr/4.5.1/avr51\libgcc.a(_divmodsi4.o)
                0x000159d4                __divmodsi4
 .text.avr-libc
                0x00015a0a       0x3a c:/program files (x86)/atmel/avr tools/avr toolchain/bin/../lib/gcc/avr/4.5.1/../../../../avr/lib/avr51\libc.a(atoi.o)
                0x00015a0a                atoi
 .text.avr-libc
                0x00015a44       0x1a c:/program files (x86)/atmel/avr tools/avr toolchain/bin/../lib/gcc/avr/4.5.1/../../../../avr/lib/avr51\libc.a(memcmp.o)
                0x00015a44                memcmp
 .text.avr-libc
                0x00015a5e       0x12 c:/program files (x86)/atmel/avr tools/avr toolchain/bin/../lib/gcc/avr/4.5.1/../../../../avr/lib/avr51\libc.a(memcpy.o)
                0x00015a5e                memcpy
 .text.avr-libc
                0x00015a70        0xe c:/program files (x86)/atmel/avr tools/avr toolchain/bin/../lib/gcc/avr/4.5.1/../../../../avr/lib/avr51\libc.a(memset.o)
                0x00015a70                memset
 .text.avr-libc
                0x00015a7e       0x16 c:/program files (x86)/atmel/avr tools/avr toolchain/bin/../lib/gcc/avr/4.5.1/../../../../avr/lib/avr51\libc.a(strcat.o)
                0x00015a7e                strcat
 .text.avr-libc
                0x00015a94        0xe c:/program files (x86)/atmel/avr tools/avr toolchain/bin/../lib/gcc/avr/4.5.1/../../../../avr/lib/avr51\libc.a(strcpy.o)
                0x00015a94                strcpy
 .text.avr-libc
                0x00015aa2       0x10 c:/program files (x86)/atmel/avr tools/avr toolchain/bin/../lib/gcc/avr/4.5.1/../../../../avr/lib/avr51\libc.a(mul10.o)
                0x00015aa2                __mulhi_const_10
 .text.avr-libc
                0x00015ab2       0x6e c:/program files (x86)/atmel/avr tools/avr toolchain/bin/../lib/gcc/avr/4.5.1/../../../../avr/lib/avr51\libc.a(puts.o)
                0x00015ab2                puts
 .text.avr-libc
                0x00015b20       0x5e c:/program files (x86)/atmel/avr tools/avr toolchain/bin/../lib/gcc/avr/4.5.1/../../../../avr/lib/avr51\libc.a(sprintf.o)
                0x00015b20                sprintf
 .text.avr-libc
                0x00015b7e      0x406 c:/program files (x86)/atmel/avr tools/avr toolchain/bin/../lib/gcc/avr/4.5.1/../../../../avr/lib/avr51\libc.a(vfprintf_std.o)
                0x00015b7e                vfprintf
 .text.avr-libc
                0x00015f84       0x10 c:/program files (x86)/atmel/avr tools/avr toolchain/bin/../lib/gcc/avr/4.5.1/../../../../avr/lib/avr51\libc.a(eerd_byte_at90usb1287.o)
                0x00015f84                __eerd_byte_usb1287
 .text.avr-libc
                0x00015f94        0xa c:/program files (x86)/atmel/avr tools/avr toolchain/bin/../lib/gcc/avr/4.5.1/../../../../avr/lib/avr51\libc.a(eerd_word_at90usb1287.o)
                0x00015f94                __eerd_word_usb1287
 .text.avr-libc
                0x00015f9e       0x24 c:/program files (x86)/atmel/avr tools/avr toolchain/bin/../lib/gcc/avr/4.5.1/../../../../avr/lib/avr51\libc.a(eeupd_byte_at90usb1287.o)
                0x00015f9e                __eeupd_byte_usb1287
                0x00015fa0                __eeupd_r18_usb1287
 .text.avr-libc
                0x00015fc2        0x8 c:/program files (x86)/atmel/avr tools/avr toolchain/bin/../lib/gcc/avr/4.5.1/../../../../avr/lib/avr51\libc.a(eeupd_word_at90usb1287.o)
                0x00015fc2                __eeupd_word_usb1287
 .text.avr-libc
                0x00015fca       0x16 c:/program files (x86)/atmel/avr tools/avr toolchain/bin/../lib/gcc/avr/4.5.1/../../../../avr/lib/avr51\libc.a(strnlen_P.o)
                0x00015fca                strnlen_P
 .text.avr-libc
                0x00015fe0       0x16 c:/program files (x86)/atmel/avr tools/avr toolchain/bin/../lib/gcc/avr/4.5.1/../../../../avr/lib/avr51\libc.a(strnlen.o)
                0x00015fe0                strnlen
 .text.avr-libc
                0x00015ff6       0x58 c:/program files (x86)/atmel/avr tools/avr toolchain/bin/../lib/gcc/avr/4.5.1/../../../../avr/lib/avr51\libc.a(fputc.o)
                0x00015ff6                fputc
 .text.avr-libc
                0x0001604e       0xbc c:/program files (x86)/atmel/avr tools/avr toolchain/bin/../lib/gcc/avr/4.5.1/../../../../avr/lib/avr51\libc.a(ultoa_invert.o)
                0x0001604e                __ultoa_invert
 .text.avr-libc
                0x0001610a       0x20 c:/program files (x86)/atmel/avr tools/avr toolchain/bin/../lib/gcc/avr/4.5.1/../../../../avr/lib/avr51\libc.a(eerd_block_at90usb1287.o)
                0x0001610a                __eerd_block_usb1287
                0x0001610e                __eerd_blraw_usb1287
                0x0001612a                . = ALIGN (0x2)
 *(.fini9)
 .fini9         0x0001612a        0x0 c:/program files (x86)/atmel/avr tools/avr toolchain/bin/../lib/gcc/avr/4.5.1/avr51\libgcc.a(_exit.o)
                0x0001612a                _exit
                0x0001612a                exit
 *(.fini9)
 *(.fini8)
 *(.fini8)
 *(.fini7)
 *(.fini7)
 *(.fini6)
 *(.fini6)
 *(.fini5)
 *(.fini5)
 *(.fini4)
 *(.fini4)
 *(.fini3)
 *(.fini3)
 *(.fini2)
 *(.fini2)
 *(.fini1)
 *(.fini1)
 *(.fini0)
 .fini0         0x0001612a        0x4 c:/program files (x86)/atmel/avr tools/avr toolchain/bin/../lib/gcc/avr/4.5.1/avr51\libgcc.a(_exit.o)
 *(.fini0)
                0x0001612e                _etext = .

.data           0x00800100      0x860 load address 0x0001612e
                0x00800100                PROVIDE (__data_start, .)
 *(.data)
 .data          0x00800100      0x7fd TempDataLogger.o
                0x008008b1                Disk_MS_Interface
                0x008008ea                Generic_HID_Interface
                0x008008fa                firstdatastreamID
 .data          0x008008fd       0x36 Lib/SCSI.o
 .data          0x00800933        0xf Lib/FATFs/ff.o
 .data          0x00800942        0x3 Lib/ili9341.o
 .data          0x00800945       0x1a Lib/W5500.o
                0x00800945                mac
                0x0080094b                ip
                0x0080094f                gw
                0x00800953                subnet
                0x00800957                serverip
                0x0080095b                destport
                0x0080095d                clientport
 *(.data*)
 *(.rodata)
 *(.rodata*)
 *(.gnu.linkonce.d*)
                0x00800960                . = ALIGN (0x2)
 *fill*         0x0080095f        0x1 00
                0x00800960                _edata = .
                0x00800960                PROVIDE (__data_end, .)

.bss            0x00800960      0xac7
                0x00800960                PROVIDE (__bss_start, .)
 *(.bss)
 .bss           0x00800960       0x1f TempDataLogger.o
                0x00800960                Sensor1MinValue
                0x00800961                Sensor1Received
                0x00800962                Sensor2Value
                0x00800963                Sensor2Received
                0x00800964                Sensor3Value
                0x00800965                Sensor3Received
                0x00800966                Sensor4Value
                0x00800967                Sensor4Received
                0x00800968                Temperature
                0x00800969                Humidity
                0x0080096a                Webclient
 .bss           0x0080097f        0x4 Lib/FATFs/ff.o
 *(.bss*)
 *(COMMON)
 COMMON         0x00800983      0xa92 TempDataLogger.o
                0x00800983                TempLogFile
                0x00800ba3                ReceiverRestart
                0x00800ba4                rec_started
                0x00800ba5                DataReceived
                0x00800ba6                Sensor2MaxValue
                0x00800ba7                n
                0x00800ba9                recbuf
                0x00800bb3                Checksum
                0x00800bb4                bufferposition
                0x00800bb5                Sensor2PreviousValue
                0x00800bb6                WebLoggingInterval500MS_SRAM
                0x00800bb8                Sensor1HumditiyValues
                0x00800ce4                font
                0x00800ce6                Sensor4Name_SRAM
                0x00800cef                Sensor1MaxValue
                0x00800cf0                LoggingInterval500MS_SRAM
                0x00800cf2                ActualTime
                0x00800cf6                U1input
                0x00800cf8                oldday
                0x00800cf9                Sensor1Name_SRAM
                0x00800d02                CurrentLoggingTicks
                0x00800d04                Sensor3MinValue
                0x00800d05                DiskFATState
                0x00800f33                Sensor2Name_SRAM
                0x00800f3c                Sensor3Correction_SRAM
                0x00800f3d                Sensor4Values
                0x00801069                FreeMemory
                0x0080106d                Sensor3Name_SRAM
                0x00801076                Sensor2Correction_SRAM
                0x00801077                Sensor3Timeout
                0x00801079                Sensor2MinValue
                0x0080107a                Sensor4Correction_SRAM
                0x0080107b                Sensor2Timeout
                0x0080107d                DaysLeft_SRAM
                0x0080107f                Din
                0x00801081                Sensor1PreviousValue
                0x00801082                Sensor2Values
                0x008011ae                WebEnableCounter
                0x008011b0                Sensor3PreviousValue
                0x008011b1                Sensor1TempValues
                0x008012dd                rf12_crc_calculate
                0x008012df                FrameCounter
                0x008012e0                Sensor4MaxValue
                0x008012e1                Sensor1Correction_SRAM
                0x008012e2                Sensor4MinValue
                0x008012e3                rf12_crc
                0x008012e5                HumidityPreviousValue
                0x008012e6                Sensor3Values
                0x00801412                LogfileCreateSuccess
                0x00801413                Sensor4PreviousValue
                0x00801414                Sensor3MaxValue
 COMMON         0x00801415        0x3 ../../LUFA/Drivers/USB/Core/DeviceStandardReq.o
                0x00801415                USB_Device_ConfigurationNumber
                0x00801416                USB_Device_CurrentlySelfPowered
                0x00801417                USB_Device_RemoteWakeupEnabled
 COMMON         0x00801418        0x9 ../../LUFA/Drivers/USB/Core/USBTask.o
                0x00801418                USB_IsInitialized
                0x00801419                USB_ControlRequest
 COMMON         0x00801421        0x6 c:/program files (x86)/atmel/avr tools/avr toolchain/bin/../lib/gcc/avr/4.5.1/../../../../avr/lib/avr51\libc.a(iob.o)
                0x00801421                __iob
                0x00801427                PROVIDE (__bss_end, .)
                0x0001612e                __data_load_start = LOADADDR (.data)
                0x0001698e                __data_load_end = (__data_load_start + SIZEOF (.data))

.noinit         0x00801427        0x0
                0x00801427                PROVIDE (__noinit_start, .)
 *(.noinit*)
                0x00801427                PROVIDE (__noinit_end, .)
                0x00801427                _end = .
                0x00801427                PROVIDE (__heap_start, .)

.eeprom         0x00810000       0x2a
 *(.eeprom*)
 .eeprom        0x00810000       0x2a TempDataLogger.o
                0x00810000                LoggingInterval500MS_EEPROM
                0x00810002                WebLoggingInterval500MS_EEPROM
                0x00810004                Sensor1Name_EEPROM
                0x0081000c                Sensor2Name_EEPROM
                0x00810014                Sensor3Name_EEPROM
                0x0081001c                Sensor4Name_EEPROM
                0x00810024                Sensor1Correction_EEPROM
                0x00810025                Sensor2Correction_EEPROM
                0x00810026                Sensor3Correction_EEPROM
                0x00810027                Sensor4Correction_EEPROM
                0x00810028                DaysLeft_EEPROM
                0x0081002a                __eeprom_end = .

.fuse
 *(.fuse)
 *(.lfuse)
 *(.hfuse)
 *(.efuse)

.lock
 *(.lock*)

.signature
 *(.signature*)

.stab           0x00000000     0x1518
 *(.stab)
 .stab          0x00000000      0x6cc c:/program files (x86)/atmel/avr tools/avr toolchain/bin/../lib/gcc/avr/4.5.1/../../../../avr/lib/avr51/crtusb1286.o
 .stab          0x000006cc      0x174 c:/program files (x86)/atmel/avr tools/avr toolchain/bin/../lib/gcc/avr/4.5.1/../../../../avr/lib/avr51\libc.a(atoi.o)
                                0x180 (size before relaxing)
 .stab          0x00000840       0x84 c:/program files (x86)/atmel/avr tools/avr toolchain/bin/../lib/gcc/avr/4.5.1/../../../../avr/lib/avr51\libc.a(memcpy_P.o)
                                 0x90 (size before relaxing)
 .stab          0x000008c4       0xb4 c:/program files (x86)/atmel/avr tools/avr toolchain/bin/../lib/gcc/avr/4.5.1/../../../../avr/lib/avr51\libc.a(memcmp.o)
                                 0xc0 (size before relaxing)
 .stab          0x00000978       0x84 c:/program files (x86)/atmel/avr tools/avr toolchain/bin/../lib/gcc/avr/4.5.1/../../../../avr/lib/avr51\libc.a(memcpy.o)
                                 0x90 (size before relaxing)
 .stab          0x000009fc       0x6c c:/program files (x86)/atmel/avr tools/avr toolchain/bin/../lib/gcc/avr/4.5.1/../../../../avr/lib/avr51\libc.a(memset.o)
                                 0x78 (size before relaxing)
 .stab          0x00000a68       0x9c c:/program files (x86)/atmel/avr tools/avr toolchain/bin/../lib/gcc/avr/4.5.1/../../../../avr/lib/avr51\libc.a(strcat.o)
                                 0xa8 (size before relaxing)
 .stab          0x00000b04       0x6c c:/program files (x86)/atmel/avr tools/avr toolchain/bin/../lib/gcc/avr/4.5.1/../../../../avr/lib/avr51\libc.a(strcpy.o)
                                 0x78 (size before relaxing)
 .stab          0x00000b70       0x78 c:/program files (x86)/atmel/avr tools/avr toolchain/bin/../lib/gcc/avr/4.5.1/../../../../avr/lib/avr51\libc.a(mul10.o)
                                 0x84 (size before relaxing)
 .stab          0x00000be8       0x90 c:/program files (x86)/atmel/avr tools/avr toolchain/bin/../lib/gcc/avr/4.5.1/../../../../avr/lib/avr51\libc.a(eerd_byte_at90usb1287.o)
                                 0x9c (size before relaxing)
 .stab          0x00000c78       0x6c c:/program files (x86)/atmel/avr tools/avr toolchain/bin/../lib/gcc/avr/4.5.1/../../../../avr/lib/avr51\libc.a(eerd_word_at90usb1287.o)
                                 0x78 (size before relaxing)
 .stab          0x00000ce4      0x114 c:/program files (x86)/atmel/avr tools/avr toolchain/bin/../lib/gcc/avr/4.5.1/../../../../avr/lib/avr51\libc.a(eeupd_byte_at90usb1287.o)
                                0x120 (size before relaxing)
 .stab          0x00000df8       0x60 c:/program files (x86)/atmel/avr tools/avr toolchain/bin/../lib/gcc/avr/4.5.1/../../../../avr/lib/avr51\libc.a(eeupd_word_at90usb1287.o)
                                 0x6c (size before relaxing)
 .stab          0x00000e58       0x9c c:/program files (x86)/atmel/avr tools/avr toolchain/bin/../lib/gcc/avr/4.5.1/../../../../avr/lib/avr51\libc.a(strnlen_P.o)
                                 0xa8 (size before relaxing)
 .stab          0x00000ef4       0x9c c:/program files (x86)/atmel/avr tools/avr toolchain/bin/../lib/gcc/avr/4.5.1/../../../../avr/lib/avr51\libc.a(strnlen.o)
                                 0xa8 (size before relaxing)
 .stab          0x00000f90      0x480 c:/program files (x86)/atmel/avr tools/avr toolchain/bin/../lib/gcc/avr/4.5.1/../../../../avr/lib/avr51\libc.a(ultoa_invert.o)
                                0x48c (size before relaxing)
 .stab          0x00001410      0x108 c:/program files (x86)/atmel/avr tools/avr toolchain/bin/../lib/gcc/avr/4.5.1/../../../../avr/lib/avr51\libc.a(eerd_block_at90usb1287.o)
                                0x114 (size before relaxing)

.stabstr        0x00000000      0x6b7
 *(.stabstr)
 .stabstr       0x00000000      0x6b7 c:/program files (x86)/atmel/avr tools/avr toolchain/bin/../lib/gcc/avr/4.5.1/../../../../avr/lib/avr51/crtusb1286.o

.stab.excl
 *(.stab.excl)

.stab.exclstr
 *(.stab.exclstr)

.stab.index
 *(.stab.index)

.stab.indexstr
 *(.stab.indexstr)

.comment
 *(.comment)

.debug
 *(.debug)

.line
 *(.line)

.debug_srcinfo
 *(.debug_srcinfo)

.debug_sfnames
 *(.debug_sfnames)

.debug_aranges  0x00000000      0xb80
 *(.debug_aranges)
 .debug_aranges
                0x00000000       0xd0 TempDataLogger.o
 .debug_aranges
                0x000000d0       0x20 Descriptors.o
 .debug_aranges
                0x000000f0       0x68 Lib/DataflashManager.o
 .debug_aranges
                0x00000158       0x38 Lib/RTC.o
 .debug_aranges
                0x00000190       0x30 Lib/SCSI.o
 .debug_aranges
                0x000001c0       0x48 Lib/FATFs/diskio.o
 .debug_aranges
                0x00000208      0x148 Lib/FATFs/ff.o
 .debug_aranges
                0x00000350       0x58 Lib/lcd.o
 .debug_aranges
                0x000003a8       0x50 Lib/Funkmodul.o
 .debug_aranges
                0x000003f8       0x20 Lib/HYT321.o
 .debug_aranges
                0x00000418      0x120 Lib/ili9341.o
 .debug_aranges
                0x00000538       0x48 Lib/W5500.o
 .debug_aranges
                0x00000580       0x38 ../../LUFA/Drivers/USB/Class/Common/HIDParser.o
 .debug_aranges
                0x000005b8       0x20 ../../LUFA/Drivers/USB/Core/AVR8/Device_AVR8.o
 .debug_aranges
                0x000005d8       0xc8 ../../LUFA/Drivers/USB/Core/AVR8/EndpointStream_AVR8.o
 .debug_aranges
                0x000006a0       0x40 ../../LUFA/Drivers/USB/Core/AVR8/Endpoint_AVR8.o
 .debug_aranges
                0x000006e0       0x30 ../../LUFA/Drivers/USB/Core/AVR8/USBController_AVR8.o
 .debug_aranges
                0x00000710       0x38 ../../LUFA/Drivers/USB/Core/AVR8/USBInterrupt_AVR8.o
 .debug_aranges
                0x00000748       0x38 ../../LUFA/Drivers/USB/Core/ConfigDescriptors.o
 .debug_aranges
                0x00000780       0x20 ../../LUFA/Drivers/USB/Core/DeviceStandardReq.o
 .debug_aranges
                0x000007a0       0x20 ../../LUFA/Drivers/USB/Core/Events.o
 .debug_aranges
                0x000007c0       0x20 ../../LUFA/Drivers/USB/Core/USBTask.o
 .debug_aranges
                0x000007e0       0x30 ../../LUFA/Drivers/USB/Class/Device/AudioClassDevice.o
 .debug_aranges
                0x00000810       0x98 ../../LUFA/Drivers/USB/Class/Device/CDCClassDevice.o
 .debug_aranges
                0x000008a8       0x30 ../../LUFA/Drivers/USB/Class/Device/HIDClassDevice.o
 .debug_aranges
                0x000008d8       0x30 ../../LUFA/Drivers/USB/Class/Device/MassStorageClassDevice.o
 .debug_aranges
                0x00000908       0x40 ../../LUFA/Drivers/USB/Class/Device/MIDIClassDevice.o
 .debug_aranges
                0x00000948       0x90 ../../LUFA/Drivers/USB/Class/Device/PrinterClassDevice.o
 .debug_aranges
                0x000009d8       0x48 ../../LUFA/Drivers/USB/Class/Device/RNDISClassDevice.o
 .debug_aranges
                0x00000a20       0x58 ../../LUFA/Drivers/Peripheral/AVR8/Serial_AVR8.o
 .debug_aranges
                0x00000a78       0x40 ../../LUFA/Drivers/Peripheral/AVR8/TWI_AVR8.o
 .debug_aranges
                0x00000ab8       0x20 ../../LUFA/Drivers/Board/Temperature.o
 .debug_aranges
                0x00000ad8       0x28 c:/program files (x86)/atmel/avr tools/avr toolchain/bin/../lib/gcc/avr/4.5.1/../../../../avr/lib/avr51\libc.a(malloc.o)
 .debug_aranges
                0x00000b00       0x20 c:/program files (x86)/atmel/avr tools/avr toolchain/bin/../lib/gcc/avr/4.5.1/../../../../avr/lib/avr51\libc.a(puts.o)
 .debug_aranges
                0x00000b20       0x20 c:/program files (x86)/atmel/avr tools/avr toolchain/bin/../lib/gcc/avr/4.5.1/../../../../avr/lib/avr51\libc.a(sprintf.o)
 .debug_aranges
                0x00000b40       0x20 c:/program files (x86)/atmel/avr tools/avr toolchain/bin/../lib/gcc/avr/4.5.1/../../../../avr/lib/avr51\libc.a(vfprintf_std.o)
 .debug_aranges
                0x00000b60       0x20 c:/program files (x86)/atmel/avr tools/avr toolchain/bin/../lib/gcc/avr/4.5.1/../../../../avr/lib/avr51\libc.a(fputc.o)

.debug_pubnames
                0x00000000     0x2177
 *(.debug_pubnames)
 .debug_pubnames
                0x00000000      0x867 TempDataLogger.o
 .debug_pubnames
                0x00000867       0xe0 Descriptors.o
 .debug_pubnames
                0x00000947      0x128 Lib/DataflashManager.o
 .debug_pubnames
                0x00000a6f       0x59 Lib/RTC.o
 .debug_pubnames
                0x00000ac8       0x5d Lib/SCSI.o
 .debug_pubnames
                0x00000b25       0xa2 Lib/FATFs/diskio.o
 .debug_pubnames
                0x00000bc7      0x13c Lib/FATFs/ff.o
 .debug_pubnames
                0x00000d03       0xa9 Lib/lcd.o
 .debug_pubnames
                0x00000dac       0xbc Lib/Funkmodul.o
 .debug_pubnames
                0x00000e68       0x25 Lib/HYT321.o
 .debug_pubnames
                0x00000e8d      0x2fe Lib/ili9341.o
 .debug_pubnames
                0x0000118b       0xe6 Lib/W5500.o
 .debug_pubnames
                0x00001271       0x7e ../../LUFA/Drivers/USB/Class/Common/HIDParser.o
 .debug_pubnames
                0x000012ef       0x32 ../../LUFA/Drivers/USB/Core/AVR8/Device_AVR8.o
 .debug_pubnames
                0x00001321      0x2df ../../LUFA/Drivers/USB/Core/AVR8/EndpointStream_AVR8.o
 .debug_pubnames
                0x00001600       0xaf ../../LUFA/Drivers/USB/Core/AVR8/Endpoint_AVR8.o
 .debug_pubnames
                0x000016af       0x46 ../../LUFA/Drivers/USB/Core/AVR8/USBController_AVR8.o
 .debug_pubnames
                0x000016f5       0x72 ../../LUFA/Drivers/USB/Core/AVR8/USBInterrupt_AVR8.o
 .debug_pubnames
                0x00001767       0x9b ../../LUFA/Drivers/USB/Core/ConfigDescriptors.o
 .debug_pubnames
                0x00001802       0xa1 ../../LUFA/Drivers/USB/Core/DeviceStandardReq.o
 .debug_pubnames
                0x000018a3       0x25 ../../LUFA/Drivers/USB/Core/Events.o
 .debug_pubnames
                0x000018c8       0x4f ../../LUFA/Drivers/USB/Core/USBTask.o
 .debug_pubnames
                0x00001917       0x79 ../../LUFA/Drivers/USB/Class/Device/AudioClassDevice.o
 .debug_pubnames
                0x00001990      0x18b ../../LUFA/Drivers/USB/Class/Device/CDCClassDevice.o
 .debug_pubnames
                0x00001b1b       0x70 ../../LUFA/Drivers/USB/Class/Device/HIDClassDevice.o
 .debug_pubnames
                0x00001b8b       0x6d ../../LUFA/Drivers/USB/Class/Device/MassStorageClassDevice.o
 .debug_pubnames
                0x00001bf8       0xa6 ../../LUFA/Drivers/USB/Class/Device/MIDIClassDevice.o
 .debug_pubnames
                0x00001c9e      0x16d ../../LUFA/Drivers/USB/Class/Device/PrinterClassDevice.o
 .debug_pubnames
                0x00001e0b       0xd0 ../../LUFA/Drivers/USB/Class/Device/RNDISClassDevice.o
 .debug_pubnames
                0x00001edb       0xe4 ../../LUFA/Drivers/Peripheral/AVR8/Serial_AVR8.o
 .debug_pubnames
                0x00001fbf       0x78 ../../LUFA/Drivers/Peripheral/AVR8/TWI_AVR8.o
 .debug_pubnames
                0x00002037       0x31 ../../LUFA/Drivers/Board/Temperature.o
 .debug_pubnames
                0x00002068       0x7f c:/program files (x86)/atmel/avr tools/avr toolchain/bin/../lib/gcc/avr/4.5.1/../../../../avr/lib/avr51\libc.a(malloc.o)
 .debug_pubnames
                0x000020e7       0x1c c:/program files (x86)/atmel/avr tools/avr toolchain/bin/../lib/gcc/avr/4.5.1/../../../../avr/lib/avr51\libc.a(iob.o)
 .debug_pubnames
                0x00002103       0x1b c:/program files (x86)/atmel/avr tools/avr toolchain/bin/../lib/gcc/avr/4.5.1/../../../../avr/lib/avr51\libc.a(puts.o)
 .debug_pubnames
                0x0000211e       0x1e c:/program files (x86)/atmel/avr tools/avr toolchain/bin/../lib/gcc/avr/4.5.1/../../../../avr/lib/avr51\libc.a(sprintf.o)
 .debug_pubnames
                0x0000213c       0x1f c:/program files (x86)/atmel/avr tools/avr toolchain/bin/../lib/gcc/avr/4.5.1/../../../../avr/lib/avr51\libc.a(vfprintf_std.o)
 .debug_pubnames
                0x0000215b       0x1c c:/program files (x86)/atmel/avr tools/avr toolchain/bin/../lib/gcc/avr/4.5.1/../../../../avr/lib/avr51\libc.a(fputc.o)

.debug_info     0x00000000    0x12d9d
 *(.debug_info)
 .debug_info    0x00000000     0x1a16 TempDataLogger.o
 .debug_info    0x00001a16      0x833 Descriptors.o
 .debug_info    0x00002249     0x1d6c Lib/DataflashManager.o
 .debug_info    0x00003fb5      0x4cb Lib/RTC.o
 .debug_info    0x00004480      0xa59 Lib/SCSI.o
 .debug_info    0x00004ed9      0x40e Lib/FATFs/diskio.o
 .debug_info    0x000052e7     0x19a8 Lib/FATFs/ff.o
 .debug_info    0x00006c8f      0x6e9 Lib/lcd.o
 .debug_info    0x00007378      0x42e Lib/Funkmodul.o
 .debug_info    0x000077a6      0x24a Lib/HYT321.o
 .debug_info    0x000079f0     0x13d0 Lib/ili9341.o
 .debug_info    0x00008dc0      0x735 Lib/W5500.o
 .debug_info    0x000094f5      0x6fb ../../LUFA/Drivers/USB/Class/Common/HIDParser.o
 .debug_info    0x00009bf0       0xd8 ../../LUFA/Drivers/USB/Core/AVR8/Device_AVR8.o
 .debug_info    0x00009cc8     0x154c ../../LUFA/Drivers/USB/Core/AVR8/EndpointStream_AVR8.o
 .debug_info    0x0000b214      0x603 ../../LUFA/Drivers/USB/Core/AVR8/Endpoint_AVR8.o
 .debug_info    0x0000b817       0x6c ../../LUFA/Drivers/USB/Core/AVR8/Host_AVR8.o
 .debug_info    0x0000b883       0x6c ../../LUFA/Drivers/USB/Core/AVR8/PipeStream_AVR8.o
 .debug_info    0x0000b8ef       0x6c ../../LUFA/Drivers/USB/Core/AVR8/Pipe_AVR8.o
 .debug_info    0x0000b95b      0x476 ../../LUFA/Drivers/USB/Core/AVR8/USBController_AVR8.o
 .debug_info    0x0000bdd1      0x6f6 ../../LUFA/Drivers/USB/Core/AVR8/USBInterrupt_AVR8.o
 .debug_info    0x0000c4c7      0x390 ../../LUFA/Drivers/USB/Core/ConfigDescriptors.o
 .debug_info    0x0000c857      0x977 ../../LUFA/Drivers/USB/Core/DeviceStandardReq.o
 .debug_info    0x0000d1ce       0x85 ../../LUFA/Drivers/USB/Core/Events.o
 .debug_info    0x0000d253       0x6c ../../LUFA/Drivers/USB/Core/HostStandardReq.o
 .debug_info    0x0000d2bf      0x245 ../../LUFA/Drivers/USB/Core/USBTask.o
 .debug_info    0x0000d504      0x56c ../../LUFA/Drivers/USB/Class/Device/AudioClassDevice.o
 .debug_info    0x0000da70      0xc3b ../../LUFA/Drivers/USB/Class/Device/CDCClassDevice.o
 .debug_info    0x0000e6ab      0x67a ../../LUFA/Drivers/USB/Class/Device/HIDClassDevice.o
 .debug_info    0x0000ed25      0x7ca ../../LUFA/Drivers/USB/Class/Device/MassStorageClassDevice.o
 .debug_info    0x0000f4ef      0x4de ../../LUFA/Drivers/USB/Class/Device/MIDIClassDevice.o
 .debug_info    0x0000f9cd      0xb1a ../../LUFA/Drivers/USB/Class/Device/PrinterClassDevice.o
 .debug_info    0x000104e7      0xebc ../../LUFA/Drivers/USB/Class/Device/RNDISClassDevice.o
 .debug_info    0x000113a3       0x6c ../../LUFA/Drivers/USB/Class/Host/AndroidAccessoryClassHost.o
 .debug_info    0x0001140f       0x6c ../../LUFA/Drivers/USB/Class/Host/AudioClassHost.o
 .debug_info    0x0001147b       0x6c ../../LUFA/Drivers/USB/Class/Host/CDCClassHost.o
 .debug_info    0x000114e7       0x6c ../../LUFA/Drivers/USB/Class/Host/HIDClassHost.o
 .debug_info    0x00011553       0x6c ../../LUFA/Drivers/USB/Class/Host/MassStorageClassHost.o
 .debug_info    0x000115bf       0x6c ../../LUFA/Drivers/USB/Class/Host/MIDIClassHost.o
 .debug_info    0x0001162b       0x6c ../../LUFA/Drivers/USB/Class/Host/PrinterClassHost.o
 .debug_info    0x00011697       0x6c ../../LUFA/Drivers/USB/Class/Host/RNDISClassHost.o
 .debug_info    0x00011703       0x6c ../../LUFA/Drivers/USB/Class/Host/StillImageClassHost.o
 .debug_info    0x0001176f      0x461 ../../LUFA/Drivers/Peripheral/AVR8/Serial_AVR8.o
 .debug_info    0x00011bd0      0x3c8 ../../LUFA/Drivers/Peripheral/AVR8/TWI_AVR8.o
 .debug_info    0x00011f98      0x207 ../../LUFA/Drivers/Board/Temperature.o
 .debug_info    0x0001219f      0x296 c:/program files (x86)/atmel/avr tools/avr toolchain/bin/../lib/gcc/avr/4.5.1/../../../../avr/lib/avr51\libc.a(malloc.o)
 .debug_info    0x00012435      0x14f c:/program files (x86)/atmel/avr tools/avr toolchain/bin/../lib/gcc/avr/4.5.1/../../../../avr/lib/avr51\libc.a(iob.o)
 .debug_info    0x00012584      0x1ab c:/program files (x86)/atmel/avr tools/avr toolchain/bin/../lib/gcc/avr/4.5.1/../../../../avr/lib/avr51\libc.a(puts.o)
 .debug_info    0x0001272f      0x1b7 c:/program files (x86)/atmel/avr tools/avr toolchain/bin/../lib/gcc/avr/4.5.1/../../../../avr/lib/avr51\libc.a(sprintf.o)
 .debug_info    0x000128e6      0x350 c:/program files (x86)/atmel/avr tools/avr toolchain/bin/../lib/gcc/avr/4.5.1/../../../../avr/lib/avr51\libc.a(vfprintf_std.o)
 .debug_info    0x00012c36      0x167 c:/program files (x86)/atmel/avr tools/avr toolchain/bin/../lib/gcc/avr/4.5.1/../../../../avr/lib/avr51\libc.a(fputc.o)
 *(.gnu.linkonce.wi.*)

.debug_abbrev   0x00000000     0x4325
 *(.debug_abbrev)
 .debug_abbrev  0x00000000      0x3e2 TempDataLogger.o
 .debug_abbrev  0x000003e2      0x196 Descriptors.o
 .debug_abbrev  0x00000578      0x306 Lib/DataflashManager.o
 .debug_abbrev  0x0000087e      0x125 Lib/RTC.o
 .debug_abbrev  0x000009a3      0x2ab Lib/SCSI.o
 .debug_abbrev  0x00000c4e      0x122 Lib/FATFs/diskio.o
 .debug_abbrev  0x00000d70      0x247 Lib/FATFs/ff.o
 .debug_abbrev  0x00000fb7      0x191 Lib/lcd.o
 .debug_abbrev  0x00001148      0x1c2 Lib/Funkmodul.o
 .debug_abbrev  0x0000130a      0x10e Lib/HYT321.o
 .debug_abbrev  0x00001418      0x36d Lib/ili9341.o
 .debug_abbrev  0x00001785      0x2a5 Lib/W5500.o
 .debug_abbrev  0x00001a2a      0x1f9 ../../LUFA/Drivers/USB/Class/Common/HIDParser.o
 .debug_abbrev  0x00001c23       0x7d ../../LUFA/Drivers/USB/Core/AVR8/Device_AVR8.o
 .debug_abbrev  0x00001ca0      0x18b ../../LUFA/Drivers/USB/Core/AVR8/EndpointStream_AVR8.o
 .debug_abbrev  0x00001e2b      0x1ee ../../LUFA/Drivers/USB/Core/AVR8/Endpoint_AVR8.o
 .debug_abbrev  0x00002019       0x2a ../../LUFA/Drivers/USB/Core/AVR8/Host_AVR8.o
 .debug_abbrev  0x00002043       0x2a ../../LUFA/Drivers/USB/Core/AVR8/PipeStream_AVR8.o
 .debug_abbrev  0x0000206d       0x2a ../../LUFA/Drivers/USB/Core/AVR8/Pipe_AVR8.o
 .debug_abbrev  0x00002097      0x11e ../../LUFA/Drivers/USB/Core/AVR8/USBController_AVR8.o
 .debug_abbrev  0x000021b5      0x1e2 ../../LUFA/Drivers/USB/Core/AVR8/USBInterrupt_AVR8.o
 .debug_abbrev  0x00002397      0x155 ../../LUFA/Drivers/USB/Core/ConfigDescriptors.o
 .debug_abbrev  0x000024ec      0x234 ../../LUFA/Drivers/USB/Core/DeviceStandardReq.o
 .debug_abbrev  0x00002720       0x41 ../../LUFA/Drivers/USB/Core/Events.o
 .debug_abbrev  0x00002761       0x2a ../../LUFA/Drivers/USB/Core/HostStandardReq.o
 .debug_abbrev  0x0000278b      0x14b ../../LUFA/Drivers/USB/Core/USBTask.o
 .debug_abbrev  0x000028d6      0x160 ../../LUFA/Drivers/USB/Class/Device/AudioClassDevice.o
 .debug_abbrev  0x00002a36      0x2ec ../../LUFA/Drivers/USB/Class/Device/CDCClassDevice.o
 .debug_abbrev  0x00002d22      0x1b5 ../../LUFA/Drivers/USB/Class/Device/HIDClassDevice.o
 .debug_abbrev  0x00002ed7      0x205 ../../LUFA/Drivers/USB/Class/Device/MassStorageClassDevice.o
 .debug_abbrev  0x000030dc      0x16c ../../LUFA/Drivers/USB/Class/Device/MIDIClassDevice.o
 .debug_abbrev  0x00003248      0x24e ../../LUFA/Drivers/USB/Class/Device/PrinterClassDevice.o
 .debug_abbrev  0x00003496      0x2b2 ../../LUFA/Drivers/USB/Class/Device/RNDISClassDevice.o
 .debug_abbrev  0x00003748       0x2a ../../LUFA/Drivers/USB/Class/Host/AndroidAccessoryClassHost.o
 .debug_abbrev  0x00003772       0x2a ../../LUFA/Drivers/USB/Class/Host/AudioClassHost.o
 .debug_abbrev  0x0000379c       0x2a ../../LUFA/Drivers/USB/Class/Host/CDCClassHost.o
 .debug_abbrev  0x000037c6       0x2a ../../LUFA/Drivers/USB/Class/Host/HIDClassHost.o
 .debug_abbrev  0x000037f0       0x2a ../../LUFA/Drivers/USB/Class/Host/MassStorageClassHost.o
 .debug_abbrev  0x0000381a       0x2a ../../LUFA/Drivers/USB/Class/Host/MIDIClassHost.o
 .debug_abbrev  0x00003844       0x2a ../../LUFA/Drivers/USB/Class/Host/PrinterClassHost.o
 .debug_abbrev  0x0000386e       0x2a ../../LUFA/Drivers/USB/Class/Host/RNDISClassHost.o
 .debug_abbrev  0x00003898       0x2a ../../LUFA/Drivers/USB/Class/Host/StillImageClassHost.o
 .debug_abbrev  0x000038c2      0x1d6 ../../LUFA/Drivers/Peripheral/AVR8/Serial_AVR8.o
 .debug_abbrev  0x00003a98      0x177 ../../LUFA/Drivers/Peripheral/AVR8/TWI_AVR8.o
 .debug_abbrev  0x00003c0f      0x126 ../../LUFA/Drivers/Board/Temperature.o
 .debug_abbrev  0x00003d35       0xf5 c:/program files (x86)/atmel/avr tools/avr toolchain/bin/../lib/gcc/avr/4.5.1/../../../../avr/lib/avr51\libc.a(malloc.o)
 .debug_abbrev  0x00003e2a       0xc5 c:/program files (x86)/atmel/avr tools/avr toolchain/bin/../lib/gcc/avr/4.5.1/../../../../avr/lib/avr51\libc.a(iob.o)
 .debug_abbrev  0x00003eef      0x101 c:/program files (x86)/atmel/avr tools/avr toolchain/bin/../lib/gcc/avr/4.5.1/../../../../avr/lib/avr51\libc.a(puts.o)
 .debug_abbrev  0x00003ff0       0xfd c:/program files (x86)/atmel/avr tools/avr toolchain/bin/../lib/gcc/avr/4.5.1/../../../../avr/lib/avr51\libc.a(sprintf.o)
 .debug_abbrev  0x000040ed      0x15f c:/program files (x86)/atmel/avr tools/avr toolchain/bin/../lib/gcc/avr/4.5.1/../../../../avr/lib/avr51\libc.a(vfprintf_std.o)
 .debug_abbrev  0x0000424c       0xd9 c:/program files (x86)/atmel/avr tools/avr toolchain/bin/../lib/gcc/avr/4.5.1/../../../../avr/lib/avr51\libc.a(fputc.o)

.debug_line     0x00000000    0x10aeb
 *(.debug_line)
 .debug_line    0x00000000     0x1c4c TempDataLogger.o
 .debug_line    0x00001c4c      0x2b6 Descriptors.o
 .debug_line    0x00001f02     0x128f Lib/DataflashManager.o
 .debug_line    0x00003191      0x1f6 Lib/RTC.o
 .debug_line    0x00003387      0x450 Lib/SCSI.o
 .debug_line    0x000037d7      0x25c Lib/FATFs/diskio.o
 .debug_line    0x00003a33     0x236d Lib/FATFs/ff.o
 .debug_line    0x00005da0      0x422 Lib/lcd.o
 .debug_line    0x000061c2      0x43e Lib/Funkmodul.o
 .debug_line    0x00006600      0x1c5 Lib/HYT321.o
 .debug_line    0x000067c5     0x12e5 Lib/ili9341.o
 .debug_line    0x00007aaa      0x646 Lib/W5500.o
 .debug_line    0x000080f0      0x78f ../../LUFA/Drivers/USB/Class/Common/HIDParser.o
 .debug_line    0x0000887f      0x199 ../../LUFA/Drivers/USB/Core/AVR8/Device_AVR8.o
 .debug_line    0x00008a18     0x1aba ../../LUFA/Drivers/USB/Core/AVR8/EndpointStream_AVR8.o
 .debug_line    0x0000a4d2      0x5db ../../LUFA/Drivers/USB/Core/AVR8/Endpoint_AVR8.o
 .debug_line    0x0000aaad       0x3e ../../LUFA/Drivers/USB/Core/AVR8/Host_AVR8.o
 .debug_line    0x0000aaeb       0x3e ../../LUFA/Drivers/USB/Core/AVR8/PipeStream_AVR8.o
 .debug_line    0x0000ab29       0x3e ../../LUFA/Drivers/USB/Core/AVR8/Pipe_AVR8.o
 .debug_line    0x0000ab67      0x3d0 ../../LUFA/Drivers/USB/Core/AVR8/USBController_AVR8.o
 .debug_line    0x0000af37      0x651 ../../LUFA/Drivers/USB/Core/AVR8/USBInterrupt_AVR8.o
 .debug_line    0x0000b588      0x2a3 ../../LUFA/Drivers/USB/Core/ConfigDescriptors.o
 .debug_line    0x0000b82b      0x5dc ../../LUFA/Drivers/USB/Core/DeviceStandardReq.o
 .debug_line    0x0000be07       0x80 ../../LUFA/Drivers/USB/Core/Events.o
 .debug_line    0x0000be87       0x3e ../../LUFA/Drivers/USB/Core/HostStandardReq.o
 .debug_line    0x0000bec5      0x1e8 ../../LUFA/Drivers/USB/Core/USBTask.o
 .debug_line    0x0000c0ad      0x4f8 ../../LUFA/Drivers/USB/Class/Device/AudioClassDevice.o
 .debug_line    0x0000c5a5      0x9fc ../../LUFA/Drivers/USB/Class/Device/CDCClassDevice.o
 .debug_line    0x0000cfa1      0x5fd ../../LUFA/Drivers/USB/Class/Device/HIDClassDevice.o
 .debug_line    0x0000d59e      0x600 ../../LUFA/Drivers/USB/Class/Device/MassStorageClassDevice.o
 .debug_line    0x0000db9e      0x410 ../../LUFA/Drivers/USB/Class/Device/MIDIClassDevice.o
 .debug_line    0x0000dfae      0x8bb ../../LUFA/Drivers/USB/Class/Device/PrinterClassDevice.o
 .debug_line    0x0000e869      0x7d2 ../../LUFA/Drivers/USB/Class/Device/RNDISClassDevice.o
 .debug_line    0x0000f03b       0x3e ../../LUFA/Drivers/USB/Class/Host/AndroidAccessoryClassHost.o
 .debug_line    0x0000f079       0x3e ../../LUFA/Drivers/USB/Class/Host/AudioClassHost.o
 .debug_line    0x0000f0b7       0x3e ../../LUFA/Drivers/USB/Class/Host/CDCClassHost.o
 .debug_line    0x0000f0f5       0x3e ../../LUFA/Drivers/USB/Class/Host/HIDClassHost.o
 .debug_line    0x0000f133       0x3e ../../LUFA/Drivers/USB/Class/Host/MassStorageClassHost.o
 .debug_line    0x0000f171       0x3e ../../LUFA/Drivers/USB/Class/Host/MIDIClassHost.o
 .debug_line    0x0000f1af       0x3e ../../LUFA/Drivers/USB/Class/Host/PrinterClassHost.o
 .debug_line    0x0000f1ed       0x3e ../../LUFA/Drivers/USB/Class/Host/RNDISClassHost.o
 .debug_line    0x0000f22b       0x3e ../../LUFA/Drivers/USB/Class/Host/StillImageClassHost.o
 .debug_line    0x0000f269      0x372 ../../LUFA/Drivers/Peripheral/AVR8/Serial_AVR8.o
 .debug_line    0x0000f5db      0x42f ../../LUFA/Drivers/Peripheral/AVR8/TWI_AVR8.o
 .debug_line    0x0000fa0a      0x1ad ../../LUFA/Drivers/Board/Temperature.o
 .debug_line    0x0000fbb7      0x3c8 c:/program files (x86)/atmel/avr tools/avr toolchain/bin/../lib/gcc/avr/4.5.1/../../../../avr/lib/avr51\libc.a(malloc.o)
 .debug_line    0x0000ff7f       0xeb c:/program files (x86)/atmel/avr tools/avr toolchain/bin/../lib/gcc/avr/4.5.1/../../../../avr/lib/avr51\libc.a(iob.o)
 .debug_line    0x0001006a      0x13e c:/program files (x86)/atmel/avr tools/avr toolchain/bin/../lib/gcc/avr/4.5.1/../../../../avr/lib/avr51\libc.a(puts.o)
 .debug_line    0x000101a8      0x1af c:/program files (x86)/atmel/avr tools/avr toolchain/bin/../lib/gcc/avr/4.5.1/../../../../avr/lib/avr51\libc.a(sprintf.o)
 .debug_line    0x00010357      0x64d c:/program files (x86)/atmel/avr tools/avr toolchain/bin/../lib/gcc/avr/4.5.1/../../../../avr/lib/avr51\libc.a(vfprintf_std.o)
 .debug_line    0x000109a4      0x147 c:/program files (x86)/atmel/avr tools/avr toolchain/bin/../lib/gcc/avr/4.5.1/../../../../avr/lib/avr51\libc.a(fputc.o)

.debug_frame    0x00000000     0x1260
 *(.debug_frame)
 .debug_frame   0x00000000      0x180 TempDataLogger.o
 .debug_frame   0x00000180       0x20 Descriptors.o
 .debug_frame   0x000001a0       0xb0 Lib/DataflashManager.o
 .debug_frame   0x00000250       0x50 Lib/RTC.o
 .debug_frame   0x000002a0       0x40 Lib/SCSI.o
 .debug_frame   0x000002e0       0x70 Lib/FATFs/diskio.o
 .debug_frame   0x00000350      0x270 Lib/FATFs/ff.o
 .debug_frame   0x000005c0       0x90 Lib/lcd.o
 .debug_frame   0x00000650       0x80 Lib/Funkmodul.o
 .debug_frame   0x000006d0       0x20 Lib/HYT321.o
 .debug_frame   0x000006f0      0x220 Lib/ili9341.o
 .debug_frame   0x00000910       0x70 Lib/W5500.o
 .debug_frame   0x00000980       0x50 ../../LUFA/Drivers/USB/Class/Common/HIDParser.o
 .debug_frame   0x000009d0       0x20 ../../LUFA/Drivers/USB/Core/AVR8/Device_AVR8.o
 .debug_frame   0x000009f0      0x170 ../../LUFA/Drivers/USB/Core/AVR8/EndpointStream_AVR8.o
 .debug_frame   0x00000b60       0x60 ../../LUFA/Drivers/USB/Core/AVR8/Endpoint_AVR8.o
 .debug_frame   0x00000bc0       0x40 ../../LUFA/Drivers/USB/Core/AVR8/USBController_AVR8.o
 .debug_frame   0x00000c00       0x50 ../../LUFA/Drivers/USB/Core/AVR8/USBInterrupt_AVR8.o
 .debug_frame   0x00000c50       0x50 ../../LUFA/Drivers/USB/Core/ConfigDescriptors.o
 .debug_frame   0x00000ca0       0x20 ../../LUFA/Drivers/USB/Core/DeviceStandardReq.o
 .debug_frame   0x00000cc0       0x20 ../../LUFA/Drivers/USB/Core/Events.o
 .debug_frame   0x00000ce0       0x20 ../../LUFA/Drivers/USB/Core/USBTask.o
 .debug_frame   0x00000d00       0x40 ../../LUFA/Drivers/USB/Class/Device/AudioClassDevice.o
 .debug_frame   0x00000d40      0x110 ../../LUFA/Drivers/USB/Class/Device/CDCClassDevice.o
 .debug_frame   0x00000e50       0x40 ../../LUFA/Drivers/USB/Class/Device/HIDClassDevice.o
 .debug_frame   0x00000e90       0x40 ../../LUFA/Drivers/USB/Class/Device/MassStorageClassDevice.o
 .debug_frame   0x00000ed0       0x60 ../../LUFA/Drivers/USB/Class/Device/MIDIClassDevice.o
 .debug_frame   0x00000f30      0x100 ../../LUFA/Drivers/USB/Class/Device/PrinterClassDevice.o
 .debug_frame   0x00001030       0x70 ../../LUFA/Drivers/USB/Class/Device/RNDISClassDevice.o
 .debug_frame   0x000010a0       0x90 ../../LUFA/Drivers/Peripheral/AVR8/Serial_AVR8.o
 .debug_frame   0x00001130       0x60 ../../LUFA/Drivers/Peripheral/AVR8/TWI_AVR8.o
 .debug_frame   0x00001190       0x20 ../../LUFA/Drivers/Board/Temperature.o
 .debug_frame   0x000011b0       0x30 c:/program files (x86)/atmel/avr tools/avr toolchain/bin/../lib/gcc/avr/4.5.1/../../../../avr/lib/avr51\libc.a(malloc.o)
 .debug_frame   0x000011e0       0x20 c:/program files (x86)/atmel/avr tools/avr toolchain/bin/../lib/gcc/avr/4.5.1/../../../../avr/lib/avr51\libc.a(puts.o)
 .debug_frame   0x00001200       0x20 c:/program files (x86)/atmel/avr tools/avr toolchain/bin/../lib/gcc/avr/4.5.1/../../../../avr/lib/avr51\libc.a(sprintf.o)
 .debug_frame   0x00001220       0x20 c:/program files (x86)/atmel/avr tools/avr toolchain/bin/../lib/gcc/avr/4.5.1/../../../../avr/lib/avr51\libc.a(vfprintf_std.o)
 .debug_frame   0x00001240       0x20 c:/program files (x86)/atmel/avr tools/avr toolchain/bin/../lib/gcc/avr/4.5.1/../../../../avr/lib/avr51\libc.a(fputc.o)

.debug_str      0x00000000     0x5996
 *(.debug_str)
 .debug_str     0x00000000      0xd9f TempDataLogger.o
                                0xf00 (size before relaxing)
 .debug_str     0x00000d9f      0x78a Descriptors.o
                                0x960 (size before relaxing)
 .debug_str     0x00001529      0x2f0 Lib/DataflashManager.o
                                0x576 (size before relaxing)
 .debug_str     0x00001819      0x1f2 Lib/RTC.o
                                0x2aa (size before relaxing)
 .debug_str     0x00001a0b      0x2da Lib/SCSI.o
                                0x5e6 (size before relaxing)
 .debug_str     0x00001ce5       0xae Lib/FATFs/diskio.o
                                0x316 (size before relaxing)
 .debug_str     0x00001d93      0x250 Lib/FATFs/ff.o
                                0x5ba (size before relaxing)
 .debug_str     0x00001fe3       0xd7 Lib/lcd.o
                                0x1d0 (size before relaxing)
 .debug_str     0x000020ba       0x95 Lib/Funkmodul.o
                                0x1d2 (size before relaxing)
 .debug_str     0x0000214f       0xaf Lib/HYT321.o
                                0x250 (size before relaxing)
 .debug_str     0x000021fe      0x35d Lib/ili9341.o
                                0x702 (size before relaxing)
 .debug_str     0x0000255b       0xf6 Lib/W5500.o
                                0x297 (size before relaxing)
 .debug_str     0x00002651      0x44f ../../LUFA/Drivers/USB/Class/Common/HIDParser.o
                                0x5cc (size before relaxing)
 .debug_str     0x00002aa0       0x77 ../../LUFA/Drivers/USB/Core/AVR8/Device_AVR8.o
                                0x12f (size before relaxing)
 .debug_str     0x00002b17      0x5e1 ../../LUFA/Drivers/USB/Core/AVR8/EndpointStream_AVR8.o
                                0x745 (size before relaxing)
 .debug_str     0x000030f8      0x2ee ../../LUFA/Drivers/USB/Core/AVR8/Endpoint_AVR8.o
                                0x541 (size before relaxing)
 .debug_str     0x000033e6       0x2d ../../LUFA/Drivers/USB/Core/AVR8/Host_AVR8.o
                                 0xd7 (size before relaxing)
 .debug_str     0x00003413       0x33 ../../LUFA/Drivers/USB/Core/AVR8/PipeStream_AVR8.o
                                 0xdd (size before relaxing)
 .debug_str     0x00003446       0x2d ../../LUFA/Drivers/USB/Core/AVR8/Pipe_AVR8.o
                                 0xd7 (size before relaxing)
 .debug_str     0x00003473      0x24d ../../LUFA/Drivers/USB/Core/AVR8/USBController_AVR8.o
                                0x429 (size before relaxing)
 .debug_str     0x000036c0      0x126 ../../LUFA/Drivers/USB/Core/AVR8/USBInterrupt_AVR8.o
                                0x424 (size before relaxing)
 .debug_str     0x000037e6      0x227 ../../LUFA/Drivers/USB/Core/ConfigDescriptors.o
                                0x317 (size before relaxing)
 .debug_str     0x00003a0d      0x422 ../../LUFA/Drivers/USB/Core/DeviceStandardReq.o
                                0x835 (size before relaxing)
 .debug_str     0x00003e2f       0x34 ../../LUFA/Drivers/USB/Core/Events.o
                                 0xde (size before relaxing)
 .debug_str     0x00003e63       0x2e ../../LUFA/Drivers/USB/Core/HostStandardReq.o
                                 0xd8 (size before relaxing)
 .debug_str     0x00003e91       0x4e ../../LUFA/Drivers/USB/Core/USBTask.o
                                0x285 (size before relaxing)
 .debug_str     0x00003edf      0x250 ../../LUFA/Drivers/USB/Class/Device/AudioClassDevice.o
                                0x505 (size before relaxing)
 .debug_str     0x0000412f      0x3a7 ../../LUFA/Drivers/USB/Class/Device/CDCClassDevice.o
                                0x8b9 (size before relaxing)
 .debug_str     0x000044d6      0x14b ../../LUFA/Drivers/USB/Class/Device/HIDClassDevice.o
                                0x534 (size before relaxing)
 .debug_str     0x00004621      0x172 ../../LUFA/Drivers/USB/Class/Device/MassStorageClassDevice.o
                                0x695 (size before relaxing)
 .debug_str     0x00004793      0x118 ../../LUFA/Drivers/USB/Class/Device/MIDIClassDevice.o
                                0x533 (size before relaxing)
 .debug_str     0x000048ab      0x26c ../../LUFA/Drivers/USB/Class/Device/PrinterClassDevice.o
                                0x7cd (size before relaxing)
 .debug_str     0x00004b17      0x6df ../../LUFA/Drivers/USB/Class/Device/RNDISClassDevice.o
                                0xbcd (size before relaxing)
 .debug_str     0x000051f6       0x3e ../../LUFA/Drivers/USB/Class/Host/AndroidAccessoryClassHost.o
                                 0xe8 (size before relaxing)
 .debug_str     0x00005234       0x33 ../../LUFA/Drivers/USB/Class/Host/AudioClassHost.o
                                 0xdd (size before relaxing)
 .debug_str     0x00005267       0x31 ../../LUFA/Drivers/USB/Class/Host/CDCClassHost.o
                                 0xdb (size before relaxing)
 .debug_str     0x00005298       0x31 ../../LUFA/Drivers/USB/Class/Host/HIDClassHost.o
                                 0xdb (size before relaxing)
 .debug_str     0x000052c9       0x39 ../../LUFA/Drivers/USB/Class/Host/MassStorageClassHost.o
                                 0xe3 (size before relaxing)
 .debug_str     0x00005302       0x32 ../../LUFA/Drivers/USB/Class/Host/MIDIClassHost.o
                                 0xdc (size before relaxing)
 .debug_str     0x00005334       0x35 ../../LUFA/Drivers/USB/Class/Host/PrinterClassHost.o
                                 0xdf (size before relaxing)
 .debug_str     0x00005369       0x33 ../../LUFA/Drivers/USB/Class/Host/RNDISClassHost.o
                                 0xdd (size before relaxing)
 .debug_str     0x0000539c       0x38 ../../LUFA/Drivers/USB/Class/Host/StillImageClassHost.o
                                 0xe2 (size before relaxing)
 .debug_str     0x000053d4      0x13f ../../LUFA/Drivers/Peripheral/AVR8/Serial_AVR8.o
                                0x25c (size before relaxing)
 .debug_str     0x00005513       0xe9 ../../LUFA/Drivers/Peripheral/AVR8/TWI_AVR8.o
                                0x2d7 (size before relaxing)
 .debug_str     0x000055fc       0xb1 ../../LUFA/Drivers/Board/Temperature.o
                                0x191 (size before relaxing)
 .debug_str     0x000056ad       0xe4 c:/program files (x86)/atmel/avr tools/avr toolchain/bin/../lib/gcc/avr/4.5.1/../../../../avr/lib/avr51\libc.a(malloc.o)
                                0x16a (size before relaxing)
 .debug_str     0x00005791       0x4e c:/program files (x86)/atmel/avr tools/avr toolchain/bin/../lib/gcc/avr/4.5.1/../../../../avr/lib/avr51\libc.a(iob.o)
                                 0xf2 (size before relaxing)
 .debug_str     0x000057df       0x54 c:/program files (x86)/atmel/avr tools/avr toolchain/bin/../lib/gcc/avr/4.5.1/../../../../avr/lib/avr51\libc.a(puts.o)
                                 0xf8 (size before relaxing)
 .debug_str     0x00005833       0x7b c:/program files (x86)/atmel/avr tools/avr toolchain/bin/../lib/gcc/avr/4.5.1/../../../../avr/lib/avr51\libc.a(sprintf.o)
                                0x121 (size before relaxing)
 .debug_str     0x000058ae       0x92 c:/program files (x86)/atmel/avr tools/avr toolchain/bin/../lib/gcc/avr/4.5.1/../../../../avr/lib/avr51\libc.a(vfprintf_std.o)
                                0x177 (size before relaxing)
 .debug_str     0x00005940       0x56 c:/program files (x86)/atmel/avr tools/avr toolchain/bin/../lib/gcc/avr/4.5.1/../../../../avr/lib/avr51\libc.a(fputc.o)
                                 0xfb (size before relaxing)

.debug_loc      0x00000000     0xc490
 *(.debug_loc)
 .debug_loc     0x00000000      0x364 TempDataLogger.o
 .debug_loc     0x00000364      0x112 Descriptors.o
 .debug_loc     0x00000476     0x116a Lib/DataflashManager.o
 .debug_loc     0x000015e0       0x50 Lib/RTC.o
 .debug_loc     0x00001630      0x2d0 Lib/SCSI.o
 .debug_loc     0x00001900      0x148 Lib/FATFs/diskio.o
 .debug_loc     0x00001a48     0x2ff4 Lib/FATFs/ff.o
 .debug_loc     0x00004a3c      0x57b Lib/lcd.o
 .debug_loc     0x00004fb7      0x13e Lib/Funkmodul.o
 .debug_loc     0x000050f5       0xf3 Lib/HYT321.o
 .debug_loc     0x000051e8     0x1690 Lib/ili9341.o
 .debug_loc     0x00006878      0x469 Lib/W5500.o
 .debug_loc     0x00006ce1      0x8de ../../LUFA/Drivers/USB/Class/Common/HIDParser.o
 .debug_loc     0x000075bf     0x19a2 ../../LUFA/Drivers/USB/Core/AVR8/EndpointStream_AVR8.o
 .debug_loc     0x00008f61      0x39b ../../LUFA/Drivers/USB/Core/AVR8/Endpoint_AVR8.o
 .debug_loc     0x000092fc      0x1b8 ../../LUFA/Drivers/USB/Core/AVR8/USBInterrupt_AVR8.o
 .debug_loc     0x000094b4      0x2bc ../../LUFA/Drivers/USB/Core/ConfigDescriptors.o
 .debug_loc     0x00009770      0x22a ../../LUFA/Drivers/USB/Core/DeviceStandardReq.o
 .debug_loc     0x0000999a       0x27 ../../LUFA/Drivers/USB/Core/USBTask.o
 .debug_loc     0x000099c1      0x16d ../../LUFA/Drivers/USB/Class/Device/AudioClassDevice.o
 .debug_loc     0x00009b2e      0x52b ../../LUFA/Drivers/USB/Class/Device/CDCClassDevice.o
 .debug_loc     0x0000a059      0x249 ../../LUFA/Drivers/USB/Class/Device/HIDClassDevice.o
 .debug_loc     0x0000a2a2      0x152 ../../LUFA/Drivers/USB/Class/Device/MassStorageClassDevice.o
 .debug_loc     0x0000a3f4      0x1f6 ../../LUFA/Drivers/USB/Class/Device/MIDIClassDevice.o
 .debug_loc     0x0000a5ea      0x553 ../../LUFA/Drivers/USB/Class/Device/PrinterClassDevice.o
 .debug_loc     0x0000ab3d      0x746 ../../LUFA/Drivers/USB/Class/Device/RNDISClassDevice.o
 .debug_loc     0x0000b283      0x1ae ../../LUFA/Drivers/Peripheral/AVR8/Serial_AVR8.o
 .debug_loc     0x0000b431      0x41e ../../LUFA/Drivers/Peripheral/AVR8/TWI_AVR8.o
 .debug_loc     0x0000b84f       0x70 ../../LUFA/Drivers/Board/Temperature.o
 .debug_loc     0x0000b8bf      0x429 c:/program files (x86)/atmel/avr tools/avr toolchain/bin/../lib/gcc/avr/4.5.1/../../../../avr/lib/avr51\libc.a(malloc.o)
 .debug_loc     0x0000bce8       0xa7 c:/program files (x86)/atmel/avr tools/avr toolchain/bin/../lib/gcc/avr/4.5.1/../../../../avr/lib/avr51\libc.a(puts.o)
 .debug_loc     0x0000bd8f      0x6b1 c:/program files (x86)/atmel/avr tools/avr toolchain/bin/../lib/gcc/avr/4.5.1/../../../../avr/lib/avr51\libc.a(vfprintf_std.o)
 .debug_loc     0x0000c440       0x50 c:/program files (x86)/atmel/avr tools/avr toolchain/bin/../lib/gcc/avr/4.5.1/../../../../avr/lib/avr51\libc.a(fputc.o)

.debug_macinfo
 *(.debug_macinfo)
OUTPUT(TempDataLogger.elf elf32-avr)
LOAD linker stubs

.debug_pubtypes
                0x00000000     0x1821
 .debug_pubtypes
                0x00000000      0x15c TempDataLogger.o
 .debug_pubtypes
                0x0000015c      0x241 Descriptors.o
 .debug_pubtypes
                0x0000039d       0xaa Lib/DataflashManager.o
 .debug_pubtypes
                0x00000447       0xe8 Lib/SCSI.o
 .debug_pubtypes
                0x0000052f       0x58 Lib/FATFs/diskio.o
 .debug_pubtypes
                0x00000587       0x8b Lib/FATFs/ff.o
 .debug_pubtypes
                0x00000612       0x6d Lib/HYT321.o
 .debug_pubtypes
                0x0000067f       0x7e Lib/ili9341.o
 .debug_pubtypes
                0x000006fd       0x38 Lib/W5500.o
 .debug_pubtypes
                0x00000735      0x145 ../../LUFA/Drivers/USB/Class/Common/HIDParser.o
 .debug_pubtypes
                0x0000087a       0x1e ../../LUFA/Drivers/USB/Core/AVR8/Device_AVR8.o
 .debug_pubtypes
                0x00000898       0xab ../../LUFA/Drivers/USB/Core/AVR8/EndpointStream_AVR8.o
 .debug_pubtypes
                0x00000943       0x9e ../../LUFA/Drivers/USB/Core/AVR8/Endpoint_AVR8.o
 .debug_pubtypes
                0x000009e1       0x12 ../../LUFA/Drivers/USB/Core/AVR8/Host_AVR8.o
 .debug_pubtypes
                0x000009f3       0x12 ../../LUFA/Drivers/USB/Core/AVR8/PipeStream_AVR8.o
 .debug_pubtypes
                0x00000a05       0x12 ../../LUFA/Drivers/USB/Core/AVR8/Pipe_AVR8.o
 .debug_pubtypes
                0x00000a17       0x68 ../../LUFA/Drivers/USB/Core/AVR8/USBController_AVR8.o
 .debug_pubtypes
                0x00000a7f       0x58 ../../LUFA/Drivers/USB/Core/AVR8/USBInterrupt_AVR8.o
 .debug_pubtypes
                0x00000ad7       0xb4 ../../LUFA/Drivers/USB/Core/ConfigDescriptors.o
 .debug_pubtypes
                0x00000b8b       0xd7 ../../LUFA/Drivers/USB/Core/DeviceStandardReq.o
 .debug_pubtypes
                0x00000c62       0x12 ../../LUFA/Drivers/USB/Core/Events.o
 .debug_pubtypes
                0x00000c74       0x12 ../../LUFA/Drivers/USB/Core/HostStandardReq.o
 .debug_pubtypes
                0x00000c86       0x5c ../../LUFA/Drivers/USB/Core/USBTask.o
 .debug_pubtypes
                0x00000ce2       0xb2 ../../LUFA/Drivers/USB/Class/Device/AudioClassDevice.o
 .debug_pubtypes
                0x00000d94      0x151 ../../LUFA/Drivers/USB/Class/Device/CDCClassDevice.o
 .debug_pubtypes
                0x00000ee5       0xc6 ../../LUFA/Drivers/USB/Class/Device/HIDClassDevice.o
 .debug_pubtypes
                0x00000fab      0x132 ../../LUFA/Drivers/USB/Class/Device/MassStorageClassDevice.o
 .debug_pubtypes
                0x000010dd       0xe0 ../../LUFA/Drivers/USB/Class/Device/MIDIClassDevice.o
 .debug_pubtypes
                0x000011bd      0x112 ../../LUFA/Drivers/USB/Class/Device/PrinterClassDevice.o
 .debug_pubtypes
                0x000012cf      0x29c ../../LUFA/Drivers/USB/Class/Device/RNDISClassDevice.o
 .debug_pubtypes
                0x0000156b       0x12 ../../LUFA/Drivers/USB/Class/Host/AndroidAccessoryClassHost.o
 .debug_pubtypes
                0x0000157d       0x12 ../../LUFA/Drivers/USB/Class/Host/AudioClassHost.o
 .debug_pubtypes
                0x0000158f       0x12 ../../LUFA/Drivers/USB/Class/Host/CDCClassHost.o
 .debug_pubtypes
                0x000015a1       0x12 ../../LUFA/Drivers/USB/Class/Host/HIDClassHost.o
 .debug_pubtypes
                0x000015b3       0x12 ../../LUFA/Drivers/USB/Class/Host/MassStorageClassHost.o
 .debug_pubtypes
                0x000015c5       0x12 ../../LUFA/Drivers/USB/Class/Host/MIDIClassHost.o
 .debug_pubtypes
                0x000015d7       0x12 ../../LUFA/Drivers/USB/Class/Host/PrinterClassHost.o
 .debug_pubtypes
                0x000015e9       0x12 ../../LUFA/Drivers/USB/Class/Host/RNDISClassHost.o
 .debug_pubtypes
                0x000015fb       0x12 ../../LUFA/Drivers/USB/Class/Host/StillImageClassHost.o
 .debug_pubtypes
                0x0000160d       0x42 ../../LUFA/Drivers/Peripheral/AVR8/Serial_AVR8.o
 .debug_pubtypes
                0x0000164f       0x4d ../../LUFA/Drivers/Peripheral/AVR8/TWI_AVR8.o
 .debug_pubtypes
                0x0000169c       0x36 ../../LUFA/Drivers/Board/Temperature.o
 .debug_pubtypes
                0x000016d2       0x39 c:/program files (x86)/atmel/avr tools/avr toolchain/bin/../lib/gcc/avr/4.5.1/../../../../avr/lib/avr51\libc.a(malloc.o)
 .debug_pubtypes
                0x0000170b       0x29 c:/program files (x86)/atmel/avr tools/avr toolchain/bin/../lib/gcc/avr/4.5.1/../../../../avr/lib/avr51\libc.a(iob.o)
 .debug_pubtypes
                0x00001734       0x29 c:/program files (x86)/atmel/avr tools/avr toolchain/bin/../lib/gcc/avr/4.5.1/../../../../avr/lib/avr51\libc.a(puts.o)
 .debug_pubtypes
                0x0000175d       0x48 c:/program files (x86)/atmel/avr tools/avr toolchain/bin/../lib/gcc/avr/4.5.1/../../../../avr/lib/avr51\libc.a(sprintf.o)
 .debug_pubtypes
                0x000017a5       0x53 c:/program files (x86)/atmel/avr tools/avr toolchain/bin/../lib/gcc/avr/4.5.1/../../../../avr/lib/avr51\libc.a(vfprintf_std.o)
 .debug_pubtypes
                0x000017f8       0x29 c:/program files (x86)/atmel/avr tools/avr toolchain/bin/../lib/gcc/avr/4.5.1/../../../../avr/lib/avr51\libc.a(fputc.o)

.debug_ranges   0x00000000      0xed8
 .debug_ranges  0x00000000       0xc0 TempDataLogger.o
 .debug_ranges  0x000000c0       0x10 Descriptors.o
 .debug_ranges  0x000000d0      0x100 Lib/DataflashManager.o
 .debug_ranges  0x000001d0       0x30 Lib/RTC.o
 .debug_ranges  0x00000200       0x20 Lib/SCSI.o
 .debug_ranges  0x00000220       0x38 Lib/FATFs/diskio.o
 .debug_ranges  0x00000258      0x1b8 Lib/FATFs/ff.o
 .debug_ranges  0x00000410       0x98 Lib/lcd.o
 .debug_ranges  0x000004a8       0x90 Lib/Funkmodul.o
 .debug_ranges  0x00000538       0x10 Lib/HYT321.o
 .debug_ranges  0x00000548      0x128 Lib/ili9341.o
 .debug_ranges  0x00000670       0x38 Lib/W5500.o
 .debug_ranges  0x000006a8      0x100 ../../LUFA/Drivers/USB/Class/Common/HIDParser.o
 .debug_ranges  0x000007a8       0x10 ../../LUFA/Drivers/USB/Core/AVR8/Device_AVR8.o
 .debug_ranges  0x000007b8      0x298 ../../LUFA/Drivers/USB/Core/AVR8/EndpointStream_AVR8.o
 .debug_ranges  0x00000a50       0xa8 ../../LUFA/Drivers/USB/Core/AVR8/Endpoint_AVR8.o
 .debug_ranges  0x00000af8       0x20 ../../LUFA/Drivers/USB/Core/AVR8/USBController_AVR8.o
 .debug_ranges  0x00000b18       0x28 ../../LUFA/Drivers/USB/Core/AVR8/USBInterrupt_AVR8.o
 .debug_ranges  0x00000b40       0x28 ../../LUFA/Drivers/USB/Core/ConfigDescriptors.o
 .debug_ranges  0x00000b68       0x10 ../../LUFA/Drivers/USB/Core/DeviceStandardReq.o
 .debug_ranges  0x00000b78       0x10 ../../LUFA/Drivers/USB/Core/Events.o
 .debug_ranges  0x00000b88       0x10 ../../LUFA/Drivers/USB/Core/USBTask.o
 .debug_ranges  0x00000b98       0x20 ../../LUFA/Drivers/USB/Class/Device/AudioClassDevice.o
 .debug_ranges  0x00000bb8       0x88 ../../LUFA/Drivers/USB/Class/Device/CDCClassDevice.o
 .debug_ranges  0x00000c40       0x20 ../../LUFA/Drivers/USB/Class/Device/HIDClassDevice.o
 .debug_ranges  0x00000c60       0x20 ../../LUFA/Drivers/USB/Class/Device/MassStorageClassDevice.o
 .debug_ranges  0x00000c80       0x30 ../../LUFA/Drivers/USB/Class/Device/MIDIClassDevice.o
 .debug_ranges  0x00000cb0       0x80 ../../LUFA/Drivers/USB/Class/Device/PrinterClassDevice.o
 .debug_ranges  0x00000d30       0x80 ../../LUFA/Drivers/USB/Class/Device/RNDISClassDevice.o
 .debug_ranges  0x00000db0       0x60 ../../LUFA/Drivers/Peripheral/AVR8/Serial_AVR8.o
 .debug_ranges  0x00000e10       0x48 ../../LUFA/Drivers/Peripheral/AVR8/TWI_AVR8.o
 .debug_ranges  0x00000e58       0x10 ../../LUFA/Drivers/Board/Temperature.o
 .debug_ranges  0x00000e68       0x18 c:/program files (x86)/atmel/avr tools/avr toolchain/bin/../lib/gcc/avr/4.5.1/../../../../avr/lib/avr51\libc.a(malloc.o)
 .debug_ranges  0x00000e80       0x10 c:/program files (x86)/atmel/avr tools/avr toolchain/bin/../lib/gcc/avr/4.5.1/../../../../avr/lib/avr51\libc.a(puts.o)
 .debug_ranges  0x00000e90       0x10 c:/program files (x86)/atmel/avr tools/avr toolchain/bin/../lib/gcc/avr/4.5.1/../../../../avr/lib/avr51\libc.a(sprintf.o)
 .debug_ranges  0x00000ea0       0x28 c:/program files (x86)/atmel/avr tools/avr toolchain/bin/../lib/gcc/avr/4.5.1/../../../../avr/lib/avr51\libc.a(vfprintf_std.o)
 .debug_ranges  0x00000ec8       0x10 c:/program files (x86)/atmel/avr tools/avr toolchain/bin/../lib/gcc/avr/4.5.1/../../../../avr/lib/avr51\libc.a(fputc.o)

Cross Reference Table

Symbol                                            File
ActualTime                                        TempDataLogger.o
Arial12x12                                        TempDataLogger.o
Arial24x23                                        TempDataLogger.o
Arial28x28                                        TempDataLogger.o
Audio_Device_ConfigureEndpoints                   ../../LUFA/Drivers/USB/Class/Device/AudioClassDevice.o
Audio_Device_Event_Stub                           ../../LUFA/Drivers/USB/Class/Device/AudioClassDevice.o
Audio_Device_ProcessControlRequest                ../../LUFA/Drivers/USB/Class/Device/AudioClassDevice.o
CALLBACK_Audio_Device_GetSetEndpointProperty      ../../LUFA/Drivers/USB/Class/Device/AudioClassDevice.o
CALLBACK_Audio_Device_GetSetInterfaceProperty     ../../LUFA/Drivers/USB/Class/Device/AudioClassDevice.o
CALLBACK_HIDParser_FilterHIDReportItem            ../../LUFA/Drivers/USB/Class/Common/HIDParser.o
CALLBACK_HID_Device_CreateHIDReport               TempDataLogger.o
                                                  ../../LUFA/Drivers/USB/Class/Device/HIDClassDevice.o
CALLBACK_HID_Device_ProcessHIDReport              TempDataLogger.o
                                                  ../../LUFA/Drivers/USB/Class/Device/HIDClassDevice.o
CALLBACK_MS_Device_SCSICommandReceived            TempDataLogger.o
                                                  ../../LUFA/Drivers/USB/Class/Device/MassStorageClassDevice.o
CALLBACK_USB_GetDescriptor                        Descriptors.o
                                                  ../../LUFA/Drivers/USB/Core/DeviceStandardReq.o
CDC_Device_BytesReceived                          ../../LUFA/Drivers/USB/Class/Device/CDCClassDevice.o
CDC_Device_ConfigureEndpoints                     ../../LUFA/Drivers/USB/Class/Device/CDCClassDevice.o
CDC_Device_CreateBlockingStream                   ../../LUFA/Drivers/USB/Class/Device/CDCClassDevice.o
CDC_Device_CreateStream                           ../../LUFA/Drivers/USB/Class/Device/CDCClassDevice.o
CDC_Device_Event_Stub                             ../../LUFA/Drivers/USB/Class/Device/CDCClassDevice.o
CDC_Device_Flush                                  ../../LUFA/Drivers/USB/Class/Device/CDCClassDevice.o
CDC_Device_ProcessControlRequest                  ../../LUFA/Drivers/USB/Class/Device/CDCClassDevice.o
CDC_Device_ReceiveByte                            ../../LUFA/Drivers/USB/Class/Device/CDCClassDevice.o
CDC_Device_SendByte                               ../../LUFA/Drivers/USB/Class/Device/CDCClassDevice.o
CDC_Device_SendControlLineStateChange             ../../LUFA/Drivers/USB/Class/Device/CDCClassDevice.o
CDC_Device_SendData                               ../../LUFA/Drivers/USB/Class/Device/CDCClassDevice.o
CDC_Device_SendString                             ../../LUFA/Drivers/USB/Class/Device/CDCClassDevice.o
CDC_Device_USBTask                                ../../LUFA/Drivers/USB/Class/Device/CDCClassDevice.o
Checksum                                          Lib/W5500.o
                                                  Lib/ili9341.o
                                                  Lib/Funkmodul.o
                                                  Lib/FATFs/ff.o
                                                  Lib/FATFs/diskio.o
                                                  Lib/SCSI.o
                                                  Lib/DataflashManager.o
                                                  Descriptors.o
                                                  TempDataLogger.o
CloseLogFile                                      TempDataLogger.o
ConfigurationDescriptor                           Descriptors.o
CurrentLoggingTicks                               TempDataLogger.o
DataReceived                                      TempDataLogger.o
DataflashManager_CheckDataflashOperation          Lib/DataflashManager.o
                                                  Lib/SCSI.o
                                                  TempDataLogger.o
DataflashManager_ReadBlocks                       Lib/DataflashManager.o
                                                  Lib/SCSI.o
DataflashManager_ReadBlocks_RAM                   Lib/DataflashManager.o
                                                  Lib/FATFs/diskio.o
DataflashManager_ResetDataflashProtections        Lib/DataflashManager.o
                                                  TempDataLogger.o
DataflashManager_WriteBlocks                      Lib/DataflashManager.o
                                                  Lib/SCSI.o
DataflashManager_WriteBlocks_RAM                  Lib/DataflashManager.o
                                                  Lib/FATFs/diskio.o
DaysLeft_EEPROM                                   TempDataLogger.o
DaysLeft_SRAM                                     TempDataLogger.o